 handmade

 Timestamp is 5ef4f222 (Thu Jun 25 21:51:14 2020)

 Preferred load address is 0000000180000000

 Start         Length     Name                   Class
 0001:00000000 0000dc50H .text$mn                CODE
 0001:0000dc50 00000020H .text$mn$00             CODE
 0001:0000dc70 00000250H .text$x                 CODE
 0002:00000000 00000218H .idata$5                DATA
 0002:00000218 00000010H .00cfg                  DATA
 0002:00000228 00000008H .CRT$XCA                DATA
 0002:00000230 00000008H .CRT$XCZ                DATA
 0002:00000238 00000008H .CRT$XIA                DATA
 0002:00000240 00000018H .CRT$XIC                DATA
 0002:00000258 00000008H .CRT$XIZ                DATA
 0002:00000260 00000008H .CRT$XPA                DATA
 0002:00000268 00000010H .CRT$XPX                DATA
 0002:00000278 00000008H .CRT$XPXA               DATA
 0002:00000280 00000008H .CRT$XPZ                DATA
 0002:00000288 00000008H .CRT$XTA                DATA
 0002:00000290 00000010H .CRT$XTZ                DATA
 0002:00000298 00000000H .gfids$y                DATA
 0002:000002a0 000071e8H .rdata                  DATA
 0002:00007488 00000000H .rdata$r                DATA
 0002:00007488 000002b0H .rdata$zzzdbg           DATA
 0002:00007738 00000008H .rtc$IAA                DATA
 0002:00007740 00000008H .rtc$IZZ                DATA
 0002:00007748 00000008H .rtc$TAA                DATA
 0002:00007750 00000008H .rtc$TZZ                DATA
 0002:00007758 00000b68H .xdata                  DATA
 0002:000082b8 00000000H .xdata$x                DATA
 0002:000082c0 00000054H .edata                  DATA
 0002:00008314 00000014H .idata$2                DATA
 0002:00008328 00000018H .idata$3                DATA
 0002:00008340 00000218H .idata$4                DATA
 0002:00008558 000004e2H .idata$6                DATA
 0003:00000000 000009d0H .data                   DATA
 0003:000009d0 00000000H .data$r                 DATA
 0003:000009d0 000011c0H .bss                    DATA
 0004:00000000 00000da4H .pdata                  DATA
 0005:00000000 00000094H _RDATA                  DATA

  Address         Publics by Value              Rva+Base               Lib:Object

 0000:00000000       __hybrid_code_map          0000000000000000     <absolute>
 0000:00000000       __guard_iat_count          0000000000000000     <absolute>
 0000:00000000       __guard_fids_count         0000000000000000     <absolute>
 0000:00000000       __volatile_metadata        0000000000000000     <absolute>
 0000:00000000       __guard_longjmp_count      0000000000000000     <absolute>
 0000:00000000       __guard_longjmp_table      0000000000000000     <absolute>
 0000:00000000       __guard_iat_table          0000000000000000     <absolute>
 0000:00000000       __hybrid_code_map_count    0000000000000000     <absolute>
 0000:00000000       ___safe_se_handler_count   0000000000000000     <absolute>
 0000:00000000       __enclave_config           0000000000000000     <absolute>
 0000:00000000       __AbsoluteZero             0000000000000000     <absolute>
 0000:00000000       ___safe_se_handler_table   0000000000000000     <absolute>
 0000:00000000       __dynamic_value_reloc_table 0000000000000000     <absolute>
 0000:00000000       __guard_fids_table         0000000000000000     <absolute>
 0000:00000000       __hybrid_auxiliary_iat     0000000000000000     <absolute>
 0000:00000100       __guard_flags              0000000000000100     <absolute>
 0000:00000000       __ImageBase                0000000180000000     <linker-defined>
 0001:00000000       ?v3_create@@YA?AUv3@@MMM@Z 0000000180001000 f   handmade.obj
 0001:000000a0       ?v2_create@@YA?AUv2@@MM@Z  00000001800010a0 f   handmade.obj
 0001:000000e0       ?game_update_and_render_stub@@YAXPEAUgame_memory@@PEAUGameBackbuffer@@PEAUgame_input@@@Z 00000001800010e0 f   handmade.obj
 0001:00000100       ?clearBackbuffer@@YAXPEAUGameBackbuffer@@@Z 0000000180001100 f   handmade.obj
 0001:00000140       ?drawRectangle@@YAXPEAUGameBackbuffer@@Uv2@@1Uv3@@@Z 0000000180001140 f   handmade.obj
 0001:00000330       ?drawInvader@@YAXPEAUGameBackbuffer@@PEACUv2@@Uv3@@@Z 0000000180001330 f   handmade.obj
 0001:00000470       ?drawPlayer@@YAXPEAUGameBackbuffer@@PEACUv2@@Uv3@@@Z 0000000180001470 f   handmade.obj
 0001:000005b0       ?drawGhost@@YAXPEAUGameBackbuffer@@PEACUv2@@Uv3@@@Z 00000001800015b0 f   handmade.obj
 0001:000006f0       ?drawMudak@@YAXPEAUGameBackbuffer@@PEACUv2@@Uv3@@@Z 00000001800016f0 f   handmade.obj
 0001:00000830       ?drawBoss@@YAXPEAUGameBackbuffer@@PEACUv2@@Uv3@@@Z 0000000180001830 f   handmade.obj
 0001:00000a40       ?initAliens@@YAXPEAUgame_state@@@Z 0000000180001a40 f   handmade.obj
 0001:00000f20       gameUpdateAndRender        0000000180001f20 f   handmade.obj
 0001:00003270       ?roundFromFloatToInt@@YAHM@Z 0000000180004270 f i handmade.obj
 0001:00003298       __GSHandlerCheck           0000000180004298 f   LIBCMT:gshandler.obj
 0001:000032b8       __GSHandlerCheckCommon     00000001800042b8 f   LIBCMT:gshandler.obj
 0001:00003330       __security_check_cookie    0000000180004330 f   LIBCMT:amdsecgs.obj
 0001:00003674       _DllMainCRTStartup         0000000180004674 f   LIBCMT:dll_dllmain.obj
 0001:000036b4       __raise_securityfailure    00000001800046b4 f   LIBCMT:gs_report.obj
 0001:000036e8       __report_gsfailure         00000001800046e8 f   LIBCMT:gs_report.obj
 0001:000037bc       __report_rangecheckfailure 00000001800047bc f   LIBCMT:gs_report.obj
 0001:000037d0       __report_securityfailure   00000001800047d0 f   LIBCMT:gs_report.obj
 0001:00003950       __security_init_cookie     0000000180004950 f   LIBCMT:gs_support.obj
 0001:000039fc       DllMain                    00000001800049fc f   LIBCMT:dll_dllmain_stub.obj
 0001:000039fc       _get_startup_argv_mode     00000001800049fc f   LIBCMT:argv_mode.obj
 0001:00003a04       ?__scrt_initialize_type_info@@YAXXZ 0000000180004a04 f   LIBCMT:tncleanup.obj
 0001:00003a14       ?__scrt_uninitialize_type_info@@YAXXZ 0000000180004a14 f   LIBCMT:tncleanup.obj
 0001:00003a20       __local_stdio_printf_options 0000000180004a20 f i LIBCMT:default_local_stdio_options.obj
 0001:00003a28       __local_stdio_scanf_options 0000000180004a28 f i LIBCMT:default_local_stdio_options.obj
 0001:00003a30       __scrt_initialize_default_local_stdio_options 0000000180004a30 f   LIBCMT:default_local_stdio_options.obj
 0001:00003a4c       __scrt_acquire_startup_lock 0000000180004a4c f   LIBCMT:utility.obj
 0001:00003a88       __scrt_dllmain_after_initialize_c 0000000180004a88 f   LIBCMT:utility.obj
 0001:00003abc       __scrt_dllmain_before_initialize_c 0000000180004abc f   LIBCMT:utility.obj
 0001:00003ad4       __scrt_dllmain_crt_thread_attach 0000000180004ad4 f   LIBCMT:utility.obj
 0001:00003afc       __scrt_dllmain_crt_thread_detach 0000000180004afc f   LIBCMT:utility.obj
 0001:00003b14       __scrt_dllmain_exception_filter 0000000180004b14 f   LIBCMT:utility.obj
 0001:00003b74       __scrt_dllmain_uninitialize_c 0000000180004b74 f   LIBCMT:utility.obj
 0001:00003ba4       __scrt_dllmain_uninitialize_critical 0000000180004ba4 f   LIBCMT:utility.obj
 0001:00003bb8       __scrt_initialize_crt      0000000180004bb8 f   LIBCMT:utility.obj
 0001:00003c04       __scrt_initialize_onexit_tables 0000000180004c04 f   LIBCMT:utility.obj
 0001:00003c90       __scrt_is_nonwritable_in_current_image 0000000180004c90 f   LIBCMT:utility.obj
 0001:00003d28       __scrt_release_startup_lock 0000000180004d28 f   LIBCMT:utility.obj
 0001:00003d4c       __scrt_uninitialize_crt    0000000180004d4c f   LIBCMT:utility.obj
 0001:00003d78       __scrt_get_dyn_tls_init_callback 0000000180004d78 f   LIBCMT:dyn_tls_init.obj
 0001:00003d80       __crt_debugger_hook        0000000180004d80 f   LIBCMT:utility_desktop.obj
 0001:00003d88       __scrt_fastfail            0000000180004d88 f   LIBCMT:utility_desktop.obj
 0001:00003ed4       _RTC_Initialize            0000000180004ed4 f   LIBCMT:initsect.obj
 0001:00003f10       _RTC_Terminate             0000000180004f10 f   LIBCMT:initsect.obj
 0001:00003f4c       _guard_check_icall_nop     0000000180004f4c f i LIBCMT:guard_support.obj
 0001:00003f50       __isa_available_init       0000000180004f50 f   LIBCMT:cpu_disp.obj
 0001:000040cc       __scrt_is_ucrt_dll_in_use  00000001800050cc f   LIBCMT:ucrt_detection.obj
 0001:000040e0       IsProcessorFeaturePresent  00000001800050e0 f   kernel32:KERNEL32.dll
 0001:00004100       memset_repmovs             0000000180005100 f   libvcruntime:memset.obj
 0001:00004120       memset                     0000000180005120 f   libvcruntime:memset.obj
 0001:000042b0       __C_specific_handler       00000001800052b0 f   libvcruntime:riscchandler.obj
 0001:000044bc       __std_type_info_destroy_list 00000001800054bc f   libvcruntime:std_type_info.obj
 0001:000044e8       __vcrt_initialize          00000001800054e8 f   libvcruntime:initialization.obj
 0001:00004510       __vcrt_thread_attach       0000000180005510 f   libvcruntime:initialization.obj
 0001:00004524       __vcrt_thread_detach       0000000180005524 f   libvcruntime:initialization.obj
 0001:00004538       __vcrt_uninitialize        0000000180005538 f   libvcruntime:initialization.obj
 0001:00004554       __vcrt_uninitialize_critical 0000000180005554 f   libvcruntime:initialization.obj
 0001:00004580       _NLG_Notify                0000000180005580 f   libvcruntime:notify.obj
 0001:000045a0       __NLG_Dispatch2            00000001800055a0 f   libvcruntime:notify.obj
 0001:000045b0       __NLG_Return2              00000001800055b0 f   libvcruntime:notify.obj
 0001:000045b4       __except_validate_context_record 00000001800055b4 f   libvcruntime:jbcxrval.obj
 0001:000045ec       __DestructExceptionObject  00000001800055ec f   libvcruntime:ehhelpers.obj
 0001:00004660       ?_CallMemberFunction0@@YAXQEAX0@Z 0000000180005660 f i libvcruntime:ehhelpers.obj
 0001:00004664       __vcrt_freefls             0000000180005664 f   libvcruntime:per_thread_data.obj
 0001:00004684       __vcrt_freeptd             0000000180005684 f   libvcruntime:per_thread_data.obj
 0001:000046d4       __vcrt_getptd_noexit       00000001800056d4 f   libvcruntime:per_thread_data.obj
 0001:00004794       __vcrt_initialize_ptd      0000000180005794 f   libvcruntime:per_thread_data.obj
 0001:000047dc       __vcrt_uninitialize_ptd    00000001800057dc f   libvcruntime:per_thread_data.obj
 0001:00004800       __vcrt_initialize_locks    0000000180005800 f   libvcruntime:locks.obj
 0001:00004848       __vcrt_uninitialize_locks  0000000180005848 f   libvcruntime:locks.obj
 0001:00004890       memcpy_repmovs             0000000180005890 f   libvcruntime:memcpy.obj
 0001:000048b0       memcpy                     00000001800058b0 f   libvcruntime:memcpy.obj
 0001:000048b0       memmove                    00000001800058b0 f   libvcruntime:memcpy.obj
 0001:00004de4       __vcrt_FlsAlloc            0000000180005de4 f   libvcruntime:winapi_downlevel.obj
 0001:00004e2c       __vcrt_FlsFree             0000000180005e2c f   libvcruntime:winapi_downlevel.obj
 0001:00004e74       __vcrt_FlsGetValue         0000000180005e74 f   libvcruntime:winapi_downlevel.obj
 0001:00004ebc       __vcrt_FlsSetValue         0000000180005ebc f   libvcruntime:winapi_downlevel.obj
 0001:00004f10       __vcrt_InitializeCriticalSectionEx 0000000180005f10 f   libvcruntime:winapi_downlevel.obj
 0001:00004f90       _CallSettingFrame          0000000180005f90 f   libvcruntime:handlers.obj
 0001:00004fe0       _CallSettingFrameEncoded   0000000180005fe0 f   libvcruntime:handlers.obj
 0001:00005028       _initterm                  0000000180006028 f   libucrt:initterm.obj
 0001:0000508c       _initterm_e                000000018000608c f   libucrt:initterm.obj
 0001:000050cc       _seh_filter_dll            00000001800060cc f   libucrt:exception_filter.obj
 0001:000050e0       _seh_filter_exe            00000001800060e0 f   libucrt:exception_filter.obj
 0001:000054d0       __acrt_initialize_thread_local_exit_callback 00000001800064d0 f   libucrt:exit.obj
 0001:000054d8       _cexit                     00000001800064d8 f   libucrt:exit.obj
 0001:000054e8       _exit                      00000001800064e8 f   libucrt:exit.obj
 0001:000054f4       _is_c_termination_complete 00000001800064f4 f   libucrt:exit.obj
 0001:000056c0       __acrt_allocate_buffer_for_argv 00000001800066c0 f   libucrt:argv_parsing.obj
 0001:00005720       _configure_narrow_argv     0000000180006720 f   libucrt:argv_parsing.obj
 0001:00005a98       __dcrt_uninitialize_environments_nolock 0000000180006a98 f   libucrt:environment_initialization.obj
 0001:00005ad0       _initialize_narrow_environment 0000000180006ad0 f   libucrt:environment_initialization.obj
 0001:00005c2c       _execute_onexit_table      0000000180006c2c f   libucrt:onexit.obj
 0001:00005c68       _initialize_onexit_table   0000000180006c68 f   libucrt:onexit.obj
 0001:00005cc8       __acrt_uninitialize_command_line 0000000180006cc8 f   libucrt:argv_data.obj
 0001:00005dc0       __acrt_initialize          0000000180006dc0 f   libucrt:initialization.obj
 0001:00005dd4       __acrt_thread_attach       0000000180006dd4 f   libucrt:initialization.obj
 0001:00005de8       __acrt_thread_detach       0000000180006de8 f   libucrt:initialization.obj
 0001:00005df8       __acrt_uninitialize        0000000180006df8 f   libucrt:initialization.obj
 0001:00005e30       __acrt_uninitialize_critical 0000000180006e30 f   libucrt:initialization.obj
 0001:00005e40       terminate                  0000000180006e40 f   libucrt:terminate.obj
 0001:00005e60       free                       0000000180006e60 f   libucrt:free.obj
 0001:00005e74       strcpy_s                   0000000180006e74 f   libucrt:strcpy_s.obj
 0001:00005ed4       ??0_LocaleUpdate@@QEAA@QEAU__crt_locale_pointers@@@Z 0000000180006ed4 f i libucrt:output.obj
 0001:00005f80       strncmp                    0000000180006f80 f   libucrt:strncmp.obj
 0001:00006000       abort                      0000000180007000 f   libucrt:abort.obj
 0001:00006058       calloc                     0000000180007058 f   libucrt:calloc.obj
 0001:00006060       wcsncmp                    0000000180007060 f   libucrt:wcsncmp.obj
 0001:00006404       __acrt_freeptd             0000000180007404 f   libucrt:per_thread_data.obj
 0001:00006448       __acrt_getptd              0000000180007448 f   libucrt:per_thread_data.obj
 0001:0000651c       __acrt_getptd_head         000000018000751c f   libucrt:per_thread_data.obj
 0001:000065c4       __acrt_getptd_noexit       00000001800075c4 f   libucrt:per_thread_data.obj
 0001:00006690       __acrt_initialize_ptd      0000000180007690 f   libucrt:per_thread_data.obj
 0001:000066cc       __acrt_uninitialize_ptd    00000001800076cc f   libucrt:per_thread_data.obj
 0001:000066f0       __acrt_initialize_locks    00000001800076f0 f   libucrt:locks.obj
 0001:00006738       __acrt_lock                0000000180007738 f   libucrt:locks.obj
 0001:00006754       __acrt_uninitialize_locks  0000000180007754 f   libucrt:locks.obj
 0001:0000678c       __acrt_unlock              000000018000778c f   libucrt:locks.obj
 0001:000067a8       __acrt_get_process_end_policy 00000001800077a8 f   libucrt:win_policies.obj
 0001:000067e4       __acrt_call_reportfault    00000001800077e4 f   libucrt:invalid_parameter.obj
 0001:00006940       __acrt_initialize_invalid_parameter_handler 0000000180007940 f   libucrt:invalid_parameter.obj
 0001:00006948       _invalid_parameter         0000000180007948 f   libucrt:invalid_parameter.obj
 0001:000069f8       _invalid_parameter_noinfo  00000001800079f8 f   libucrt:invalid_parameter.obj
 0001:00006a18       _invoke_watson             0000000180007a18 f   libucrt:invalid_parameter.obj
 0001:00006a60       __acrt_errno_from_os_error 0000000180007a60 f   libucrt:errno.obj
 0001:00006aa8       __acrt_errno_map_os_error  0000000180007aa8 f   libucrt:errno.obj
 0001:00006af8       __doserrno                 0000000180007af8 f   libucrt:errno.obj
 0001:00006b18       _errno                     0000000180007b18 f   libucrt:errno.obj
 0001:00006b38       _calloc_base               0000000180007b38 f   libucrt:calloc_base.obj
 0001:00006bb0       _free_base                 0000000180007bb0 f   libucrt:free_base.obj
 0001:00006c04       ??$__acrt_mbs_to_wcs_cp@U__crt_win32_buffer_internal_dynamic_resizing@@@@YAHQEBDAEAV?$__crt_win32_buffer@_WU__crt_win32_buffer_internal_dynamic_resizing@@@@I@Z 0000000180007c04 f i libucrt:argv_wildcards.obj
 0001:00006d7c       ??$__acrt_wcs_to_mbs_cp@U__crt_win32_buffer_internal_dynamic_resizing@@@@YAHQEB_WAEAV?$__crt_win32_buffer@DU__crt_win32_buffer_internal_dynamic_resizing@@@@I@Z 0000000180007d7c f i libucrt:argv_wildcards.obj
 0001:000075ac       __acrt_expand_narrow_argv_wildcards 00000001800085ac f   libucrt:argv_wildcards.obj
 0001:000075b4       ??$__acrt_wcs_to_mbs_cp@U__crt_win32_buffer_no_resizing@@@@YAHQEB_WAEAV?$__crt_win32_buffer@DU__crt_win32_buffer_no_resizing@@@@I@Z 00000001800085b4 f i libucrt:getmodulefilenamea.obj
 0001:000076c8       __acrt_GetModuleFileNameA  00000001800086c8 f   libucrt:getmodulefilenamea.obj
 0001:00007f14       __acrt_initialize_multibyte 0000000180008f14 f   libucrt:mbctype.obj
 0001:00007f74       __acrt_update_thread_multibyte_data 0000000180008f74 f   libucrt:mbctype.obj
 0001:00007f90       _setmbcp_nolock            0000000180008f90 f   libucrt:mbctype.obj
 0001:000082c4       _ismbblead                 00000001800092c4 f   libucrt:ismbbyte.obj
 0001:000082d8       __acrt_initialize_command_line 00000001800092d8 f   libucrt:argv_data.obj
 0001:00008300       __acrt_MultiByteToWideChar 0000000180009300 f   libucrt:multibytetowidechar.obj
 0001:0000835c       __acrt_WideCharToMultiByte 000000018000935c f   libucrt:widechartomultibyte.obj
 0001:000083f4       __dcrt_get_narrow_environment_from_os 00000001800093f4 f   libucrt:get_environment_from_os.obj
 0001:000084f8       _recalloc_base             00000001800094f8 f   libucrt:recalloc.obj
 0001:00008768       __acrt_AppPolicyGetProcessTerminationMethodInternal 0000000180009768 f   libucrt:winapi_thunks.obj
 0001:000087b8       __acrt_AreFileApisANSI     00000001800097b8 f   libucrt:winapi_thunks.obj
 0001:000087f4       __acrt_FlsAlloc            00000001800097f4 f   libucrt:winapi_thunks.obj
 0001:0000883c       __acrt_FlsFree             000000018000983c f   libucrt:winapi_thunks.obj
 0001:00008884       __acrt_FlsGetValue         0000000180009884 f   libucrt:winapi_thunks.obj
 0001:000088cc       __acrt_FlsSetValue         00000001800098cc f   libucrt:winapi_thunks.obj
 0001:00008920       __acrt_InitializeCriticalSectionEx 0000000180009920 f   libucrt:winapi_thunks.obj
 0001:00008984       __acrt_LCMapStringEx       0000000180009984 f   libucrt:winapi_thunks.obj
 0001:00008a60       __acrt_LocaleNameToLCID    0000000180009a60 f   libucrt:winapi_thunks.obj
 0001:00008ab0       __acrt_initialize_winapi_thunks 0000000180009ab0 f   libucrt:winapi_thunks.obj
 0001:00008ae4       __acrt_uninitialize_winapi_thunks 0000000180009ae4 f   libucrt:winapi_thunks.obj
 0001:00008b28       __acrt_initialize_heap     0000000180009b28 f   libucrt:heap_handle.obj
 0001:00008b44       __acrt_uninitialize_heap   0000000180009b44 f   libucrt:heap_handle.obj
 0001:00008d4c       __acrt_initialize_lowio    0000000180009d4c f   libucrt:ioinit.obj
 0001:00008d88       __acrt_uninitialize_lowio  0000000180009d88 f   libucrt:ioinit.obj
 0001:00008dc8       __acrt_execute_initializers 0000000180009dc8 f   libucrt:shared_initialization.obj
 0001:00008e48       __acrt_execute_uninitializers 0000000180009e48 f   libucrt:shared_initialization.obj
 0001:00008e84       __acrt_initialize_new_handler 0000000180009e84 f   libucrt:new_handler.obj
 0001:00008e8c       _callnewh                  0000000180009e8c f   libucrt:new_handler.obj
 0001:00008ebc       _query_new_handler         0000000180009ebc f   libucrt:new_handler.obj
 0001:00008f38       __acrt_get_sigabrt_handler 0000000180009f38 f   libucrt:signal.obj
 0001:00008f68       __acrt_initialize_signal_handlers 0000000180009f68 f   libucrt:signal.obj
 0001:00008f88       raise                      0000000180009f88 f   libucrt:signal.obj
 0001:000091f4       __acrt_has_user_matherr    000000018000a1f4 f   libucrt:matherr.obj
 0001:00009214       __acrt_initialize_user_matherr 000000018000a214 f   libucrt:matherr.obj
 0001:0000921c       __acrt_invoke_user_matherr 000000018000a21c f   libucrt:matherr.obj
 0001:00009428       __acrt_stdio_flush_nolock  000000018000a428 f   libucrt:fflush.obj
 0001:000094a4       _fflush_nolock             000000018000a4a4 f   libucrt:fflush.obj
 0001:000094f0       _flushall                  000000018000a4f0 f   libucrt:fflush.obj
 0001:000094f8       __acrt_initialize_stdio    000000018000a4f8 f   libucrt:_file.obj
 0001:00009618       __acrt_uninitialize_stdio  000000018000a618 f   libucrt:_file.obj
 0001:00009674       _lock_file                 000000018000a674 f   libucrt:_file.obj
 0001:00009680       _unlock_file               000000018000a680 f   libucrt:_file.obj
 0001:0000968c       _malloc_base               000000018000a68c f   libucrt:malloc_base.obj
 0001:000096ec       _mbtowc_l                  000000018000a6ec f   libucrt:mbtowc.obj
 0001:00009868       mbtowc                     000000018000a868 f   libucrt:mbtowc.obj
 0001:00009870       __acrt_update_locale_info  000000018000a870 f   libucrt:locale_update.obj
 0001:000098a4       __acrt_update_multibyte_info 000000018000a8a4 f   libucrt:locale_update.obj
 0001:000098d8       _fileno                    000000018000a8d8 f   libucrt:fileno.obj
 0001:00009970       __acrt_set_locale_changed  000000018000a970 f   libucrt:wsetlocale.obj
 0001:0000997c       __acrt_uninitialize_locale 000000018000a97c f   libucrt:wsetlocale.obj
 0001:000099ac       __pctype_func              000000018000a9ac f   libucrt:ctype.obj
 0001:000099dc       __acrt_add_locale_ref      000000018000a9dc f   libucrt:locale_refcounting.obj
 0001:00009a68       __acrt_free_locale         000000018000aa68 f   libucrt:locale_refcounting.obj
 0001:00009be0       __acrt_locale_add_lc_time_reference 000000018000abe0 f   libucrt:locale_refcounting.obj
 0001:00009c08       __acrt_locale_free_lc_time_if_unreferenced 000000018000ac08 f   libucrt:locale_refcounting.obj
 0001:00009c40       __acrt_locale_release_lc_time_reference 000000018000ac40 f   libucrt:locale_refcounting.obj
 0001:00009c68       __acrt_release_locale_ref  000000018000ac68 f   libucrt:locale_refcounting.obj
 0001:00009d10       __acrt_update_thread_locale_data 000000018000ad10 f   libucrt:locale_refcounting.obj
 0001:00009d80       _updatetlocinfoEx_nolock   000000018000ad80 f   libucrt:locale_refcounting.obj
 0001:00009de8       _query_new_mode            000000018000ade8 f   libucrt:new_mode.obj
 0001:00009df0       qsort                      000000018000adf0 f   libucrt:qsort.obj
 0001:0000a1b0       strncpy_s                  000000018000b1b0 f   libucrt:strncpy_s.obj
 0001:0000a330       strpbrk                    000000018000b330 f   libucrt:strpbrk.obj
 0001:0000a710       _mbsdec                    000000018000b710 f   libucrt:mbsdec.obj
 0001:0000a718       _mbsdec_l                  000000018000b718 f   libucrt:mbsdec.obj
 0001:0000a7ac       __acrt_GetStringTypeA      000000018000b7ac f   libucrt:getstringtypea.obj
 0001:0000ac54       __acrt_LCMapStringA        000000018000bc54 f   libucrt:lcmapstringa.obj
 0001:0000ad04       _msize_base                000000018000bd04 f   libucrt:msize.obj
 0001:0000ad40       _realloc_base              000000018000bd40 f   libucrt:realloc_base.obj
 0001:0000aea4       __acrt_DownlevelLocaleNameToLCID 000000018000bea4 f   libucrt:lcidtoname_downlevel.obj
 0001:0000aed8       __acrt_lowio_create_handle_array 000000018000bed8 f   libucrt:osfinfo.obj
 0001:0000af80       __acrt_lowio_destroy_handle_array 000000018000bf80 f   libucrt:osfinfo.obj
 0001:0000afd0       __acrt_lowio_ensure_fh_exists 000000018000bfd0 f   libucrt:osfinfo.obj
 0001:0000b078       __acrt_lowio_lock_fh       000000018000c078 f   libucrt:osfinfo.obj
 0001:0000b0a0       __acrt_lowio_unlock_fh     000000018000c0a0 f   libucrt:osfinfo.obj
 0001:0000b0c8       _free_osfhnd               000000018000c0c8 f   libucrt:osfinfo.obj
 0001:0000b184       _get_osfhandle             000000018000c184 f   libucrt:osfinfo.obj
 0001:0000b288       _commit                    000000018000c288 f   libucrt:commit.obj
 0001:0000bb88       _write                     000000018000cb88 f   libucrt:write.obj
 0001:0000bc74       _write_nolock              000000018000cc74 f   libucrt:write.obj
 0001:0000bf50       _fcloseall                 000000018000cf50 f   libucrt:closeall.obj
 0001:0000c004       __acrt_stdio_free_buffer_nolock 000000018000d004 f   libucrt:_freebuf.obj
 0001:0000c044       _isatty                    000000018000d044 f   libucrt:isatty.obj
 0001:0000c0a4       _isleadbyte_l              000000018000d0a4 f i libucrt:_wctype.obj
 0001:0000c0f0       ?__mbrtowc_utf8@__crt_mbstring@@YA_KPEA_WPEBD_KPEAU_Mbstatet@@@Z 000000018000d0f0 f   libucrt:mbrtowc.obj
 0001:0000c12c       ?__mbsrtowcs_utf8@__crt_mbstring@@YA_KPEA_WPEAPEBD_KPEAU_Mbstatet@@@Z 000000018000d12c f   libucrt:mbrtowc.obj
 0001:0000c2a4       __acrt_locale_free_monetary 000000018000d2a4 f   libucrt:initmon.obj
 0001:0000c3b0       __acrt_locale_free_numeric 000000018000d3b0 f   libucrt:initnum.obj
 0001:0000c474       __acrt_locale_free_time    000000018000d474 f   libucrt:inittime.obj
 0001:0000c57c       __strncnt                  000000018000d57c f   libucrt:strncnt.obj
 0001:0000c594       _query_app_type            000000018000d594 f   libucrt:report_runtime_error.obj
 0001:0000c638       _lseeki64_nolock           000000018000d638 f   libucrt:lseek.obj
 0001:0000c640       _putwch_nolock             000000018000d640 f   libucrt:putwch.obj
 0001:0000c67c       _fclose_nolock             000000018000d67c f   libucrt:fclose.obj
 0001:0000c700       fclose                     000000018000d700 f   libucrt:fclose.obj
 0001:0000c764       ?__mbrtoc32_utf8@__crt_mbstring@@YA_KPEA_UPEBD_KPEAU_Mbstatet@@@Z 000000018000d764 f   libucrt:mbrtoc32.obj
 0001:0000c940       log10                      000000018000d940 f   libucrt:log10.obj
 0001:0000ceec       __dcrt_lowio_ensure_console_output_initialized 000000018000deec f   libucrt:initcon.obj
 0001:0000cf40       __dcrt_terminate_console_output 000000018000df40 f   libucrt:initcon.obj
 0001:0000cf5c       __dcrt_write_console       000000018000df5c f   libucrt:initcon.obj
 0001:0000d090       _close                     000000018000e090 f   libucrt:close.obj
 0001:0000d134       _close_nolock              000000018000e134 f   libucrt:close.obj
 0001:0000d1f4       ?__acrt_stdio_free_stream@@YAXV__crt_stdio_stream@@@Z 000000018000e1f4 f   libucrt:stream.obj
 0001:0000d334       _handle_error              000000018000e334 f   libucrt:libm_error.obj
 0001:0000d460       __acrt_initialize_fma3     000000018000e460 f   libucrt:fma3_available.obj
 0001:0000d4d0       _log10_special             000000018000e4d0 f   libucrt:log_special.obj
 0001:0000d5a0       _get_fpsr                  000000018000e5a0 f   libucrt:fpsr.obj
 0001:0000d5b0       _set_fpsr                  000000018000e5b0 f   libucrt:fpsr.obj
 0001:0000d5ba       _fclrf                     000000018000e5ba f   libucrt:fpsr.obj
 0001:0000d5ce       _frnd                      000000018000e5ce f   libucrt:fpsr.obj
 0001:0000d5f0       _raise_exc                 000000018000e5f0 f   libucrt:fpexcept.obj
 0001:0000d618       _raise_exc_ex              000000018000e618 f   libucrt:fpexcept.obj
 0001:0000d928       _set_errno_from_matherr    000000018000e928 f   libucrt:fpexcept.obj
 0001:0000d958       _clrfp                     000000018000e958 f   libucrt:fpctrl.obj
 0001:0000d978       _ctrlfp                    000000018000e978 f   libucrt:fpctrl.obj
 0001:0000d9f4       _set_statfp                000000018000e9f4 f   libucrt:fpctrl.obj
 0001:0000da14       _statfp                    000000018000ea14 f   libucrt:fpctrl.obj
 0001:0000da30       _FindPESection             000000018000ea30 f   LIBCMT:pesect.obj
 0001:0000da80       _IsNonwritableInCurrentImage 000000018000ea80 f   LIBCMT:pesect.obj
 0001:0000dad0       _ValidateImageBase         000000018000ead0 f   LIBCMT:pesect.obj
 0001:0000db10       _alloca_probe              000000018000eb10 f   LIBCMT:chkstk.obj
 0001:0000db10       __chkstk                   000000018000eb10 f   LIBCMT:chkstk.obj
 0001:0000db80       memcmp                     000000018000eb80 f   libvcruntime:memcmp.obj
 0001:0000dc60       _guard_dispatch_icall_nop  000000018000ec60 f   LIBCMT:guard_dispatch.obj
 0002:00000000       __imp_RtlCaptureContext    000000018000f000     kernel32:KERNEL32.dll
 0002:00000008       __imp_RtlLookupFunctionEntry 000000018000f008     kernel32:KERNEL32.dll
 0002:00000010       __imp_RtlVirtualUnwind     000000018000f010     kernel32:KERNEL32.dll
 0002:00000018       __imp_UnhandledExceptionFilter 000000018000f018     kernel32:KERNEL32.dll
 0002:00000020       __imp_SetUnhandledExceptionFilter 000000018000f020     kernel32:KERNEL32.dll
 0002:00000028       __imp_GetCurrentProcess    000000018000f028     kernel32:KERNEL32.dll
 0002:00000030       __imp_TerminateProcess     000000018000f030     kernel32:KERNEL32.dll
 0002:00000038       __imp_IsProcessorFeaturePresent 000000018000f038     kernel32:KERNEL32.dll
 0002:00000040       __imp_QueryPerformanceCounter 000000018000f040     kernel32:KERNEL32.dll
 0002:00000048       __imp_GetCurrentProcessId  000000018000f048     kernel32:KERNEL32.dll
 0002:00000050       __imp_GetCurrentThreadId   000000018000f050     kernel32:KERNEL32.dll
 0002:00000058       __imp_GetSystemTimeAsFileTime 000000018000f058     kernel32:KERNEL32.dll
 0002:00000060       __imp_InitializeSListHead  000000018000f060     kernel32:KERNEL32.dll
 0002:00000068       __imp_IsDebuggerPresent    000000018000f068     kernel32:KERNEL32.dll
 0002:00000070       __imp_GetStartupInfoW      000000018000f070     kernel32:KERNEL32.dll
 0002:00000078       __imp_GetModuleHandleW     000000018000f078     kernel32:KERNEL32.dll
 0002:00000080       __imp_WriteConsoleW        000000018000f080     kernel32:KERNEL32.dll
 0002:00000088       __imp_RtlUnwindEx          000000018000f088     kernel32:KERNEL32.dll
 0002:00000090       __imp_InterlockedFlushSList 000000018000f090     kernel32:KERNEL32.dll
 0002:00000098       __imp_GetLastError         000000018000f098     kernel32:KERNEL32.dll
 0002:000000a0       __imp_SetLastError         000000018000f0a0     kernel32:KERNEL32.dll
 0002:000000a8       __imp_EnterCriticalSection 000000018000f0a8     kernel32:KERNEL32.dll
 0002:000000b0       __imp_LeaveCriticalSection 000000018000f0b0     kernel32:KERNEL32.dll
 0002:000000b8       __imp_DeleteCriticalSection 000000018000f0b8     kernel32:KERNEL32.dll
 0002:000000c0       __imp_InitializeCriticalSectionAndSpinCount 000000018000f0c0     kernel32:KERNEL32.dll
 0002:000000c8       __imp_TlsAlloc             000000018000f0c8     kernel32:KERNEL32.dll
 0002:000000d0       __imp_TlsGetValue          000000018000f0d0     kernel32:KERNEL32.dll
 0002:000000d8       __imp_TlsSetValue          000000018000f0d8     kernel32:KERNEL32.dll
 0002:000000e0       __imp_TlsFree              000000018000f0e0     kernel32:KERNEL32.dll
 0002:000000e8       __imp_FreeLibrary          000000018000f0e8     kernel32:KERNEL32.dll
 0002:000000f0       __imp_GetProcAddress       000000018000f0f0     kernel32:KERNEL32.dll
 0002:000000f8       __imp_LoadLibraryExW       000000018000f0f8     kernel32:KERNEL32.dll
 0002:00000100       __imp_RaiseException       000000018000f100     kernel32:KERNEL32.dll
 0002:00000108       __imp_ExitProcess          000000018000f108     kernel32:KERNEL32.dll
 0002:00000110       __imp_GetModuleHandleExW   000000018000f110     kernel32:KERNEL32.dll
 0002:00000118       __imp_GetModuleFileNameW   000000018000f118     kernel32:KERNEL32.dll
 0002:00000120       __imp_HeapAlloc            000000018000f120     kernel32:KERNEL32.dll
 0002:00000128       __imp_HeapFree             000000018000f128     kernel32:KERNEL32.dll
 0002:00000130       __imp_FindClose            000000018000f130     kernel32:KERNEL32.dll
 0002:00000138       __imp_FindFirstFileExW     000000018000f138     kernel32:KERNEL32.dll
 0002:00000140       __imp_FindNextFileW        000000018000f140     kernel32:KERNEL32.dll
 0002:00000148       __imp_IsValidCodePage      000000018000f148     kernel32:KERNEL32.dll
 0002:00000150       __imp_GetACP               000000018000f150     kernel32:KERNEL32.dll
 0002:00000158       __imp_GetOEMCP             000000018000f158     kernel32:KERNEL32.dll
 0002:00000160       __imp_GetCPInfo            000000018000f160     kernel32:KERNEL32.dll
 0002:00000168       __imp_GetCommandLineA      000000018000f168     kernel32:KERNEL32.dll
 0002:00000170       __imp_GetCommandLineW      000000018000f170     kernel32:KERNEL32.dll
 0002:00000178       __imp_MultiByteToWideChar  000000018000f178     kernel32:KERNEL32.dll
 0002:00000180       __imp_WideCharToMultiByte  000000018000f180     kernel32:KERNEL32.dll
 0002:00000188       __imp_GetEnvironmentStringsW 000000018000f188     kernel32:KERNEL32.dll
 0002:00000190       __imp_FreeEnvironmentStringsW 000000018000f190     kernel32:KERNEL32.dll
 0002:00000198       __imp_LCMapStringW         000000018000f198     kernel32:KERNEL32.dll
 0002:000001a0       __imp_GetProcessHeap       000000018000f1a0     kernel32:KERNEL32.dll
 0002:000001a8       __imp_GetStdHandle         000000018000f1a8     kernel32:KERNEL32.dll
 0002:000001b0       __imp_GetFileType          000000018000f1b0     kernel32:KERNEL32.dll
 0002:000001b8       __imp_GetStringTypeW       000000018000f1b8     kernel32:KERNEL32.dll
 0002:000001c0       __imp_HeapSize             000000018000f1c0     kernel32:KERNEL32.dll
 0002:000001c8       __imp_HeapReAlloc          000000018000f1c8     kernel32:KERNEL32.dll
 0002:000001d0       __imp_SetStdHandle         000000018000f1d0     kernel32:KERNEL32.dll
 0002:000001d8       __imp_FlushFileBuffers     000000018000f1d8     kernel32:KERNEL32.dll
 0002:000001e0       __imp_WriteFile            000000018000f1e0     kernel32:KERNEL32.dll
 0002:000001e8       __imp_GetConsoleCP         000000018000f1e8     kernel32:KERNEL32.dll
 0002:000001f0       __imp_GetConsoleMode       000000018000f1f0     kernel32:KERNEL32.dll
 0002:000001f8       __imp_SetFilePointerEx     000000018000f1f8     kernel32:KERNEL32.dll
 0002:00000200       __imp_CreateFileW          000000018000f200     kernel32:KERNEL32.dll
 0002:00000208       __imp_CloseHandle          000000018000f208     kernel32:KERNEL32.dll
 0002:00000210       \177KERNEL32_NULL_THUNK_DATA 000000018000f210     kernel32:KERNEL32.dll
 0002:00000218       __guard_check_icall_fptr   000000018000f218     LIBCMT:guard_support.obj
 0002:00000220       __guard_dispatch_icall_fptr 000000018000f220     LIBCMT:guard_support.obj
 0002:00000228       __xc_a                     000000018000f228     LIBCMT:initializers.obj
 0002:00000230       __xc_z                     000000018000f230     LIBCMT:initializers.obj
 0002:00000238       __xi_a                     000000018000f238     LIBCMT:initializers.obj
 0002:00000240       __acrt_multibyte_initializer 000000018000f240     libucrt:multibyte_initializer.obj
 0002:00000248       __acrt_stdio_initializer   000000018000f248     libucrt:stdio_initializer.obj
 0002:00000250       __acrt_tran_fma3_initializer 000000018000f250     libucrt:fma3_initializer.obj
 0002:00000258       __xi_z                     000000018000f258     LIBCMT:initializers.obj
 0002:00000260       __xp_a                     000000018000f260     LIBCMT:initializers.obj
 0002:00000268       __acrt_locale_terminator   000000018000f268     libucrt:locale_initializer.obj
 0002:00000270       __dcrt_console_output_terminator 000000018000f270     libucrt:console_output_initializer.obj
 0002:00000278       __acrt_stdio_terminator    000000018000f278     libucrt:stdio_initializer.obj
 0002:00000280       __xp_z                     000000018000f280     LIBCMT:initializers.obj
 0002:00000288       __xt_a                     000000018000f288     LIBCMT:initializers.obj
 0002:00000290       __xt_z                     000000018000f290     LIBCMT:initializers.obj
 0002:000002b4       __real@3e99999a            000000018000f2b4     handmade.obj
 0002:000002b8       __real@3f000000            000000018000f2b8     handmade.obj
 0002:000002bc       __real@3f333333            000000018000f2bc     handmade.obj
 0002:000002c0       __real@3f800000            000000018000f2c0     handmade.obj
 0002:000002c8       __real@3fe0000000000000    000000018000f2c8     handmade.obj
 0002:000002d0       __real@40000000            000000018000f2d0     handmade.obj
 0002:000002d4       __real@40400000            000000018000f2d4     handmade.obj
 0002:000002d8       __real@41200000            000000018000f2d8     handmade.obj
 0002:000002dc       __real@41400000            000000018000f2dc     handmade.obj
 0002:000002e0       __real@41880000            000000018000f2e0     handmade.obj
 0002:000002e4       __real@41a00000            000000018000f2e4     handmade.obj
 0002:000002e8       __real@41f00000            000000018000f2e8     handmade.obj
 0002:000002ec       __real@420c0000            000000018000f2ec     handmade.obj
 0002:000002f0       __real@42100000            000000018000f2f0     handmade.obj
 0002:000002f4       __real@42480000            000000018000f2f4     handmade.obj
 0002:000002f8       __real@42700000            000000018000f2f8     handmade.obj
 0002:000002fc       __real@42c80000            000000018000f2fc     handmade.obj
 0002:00000300       __real@43000000            000000018000f300     handmade.obj
 0002:00000304       __real@43160000            000000018000f304     handmade.obj
 0002:00000308       __real@43480000            000000018000f308     handmade.obj
 0002:0000030c       __real@437a0000            000000018000f30c     handmade.obj
 0002:00000310       __real@437f0000            000000018000f310     handmade.obj
 0002:00000314       __real@43af0000            000000018000f314     handmade.obj
 0002:00000318       __real@43dc0000            000000018000f318     handmade.obj
 0002:0000031c       __real@bf800000            000000018000f31c     handmade.obj
 0002:00000320       __real@c1a00000            000000018000f320     handmade.obj
 0002:00000328       _pDefaultRawDllMain        000000018000f328     LIBCMT:dll_dllmain.obj
 0002:00000328       _pRawDllMain               000000018000f328     LIBCMT:dll_dllmain.obj
 0002:00000340       __xmm@ffffffffffffffffffffffffffffffff 000000018000f340     LIBCMT:utility.obj
 0002:00000350       _pDestructExceptionObject  000000018000f350     libvcruntime:ehhelpers.obj
 0002:000006a0       ??_C@_08EHJDFFNH@__based?$CI@ 000000018000f6a0     libvcruntime:undname.obj
 0002:000006b0       ??_C@_07KOLFKCDI@__cdecl@  000000018000f6b0     libvcruntime:undname.obj
 0002:000006b8       ??_C@_08GHMPAG@__pascal@   000000018000f6b8     libvcruntime:undname.obj
 0002:000006c8       ??_C@_09IFJBGAPI@__stdcall@ 000000018000f6c8     libvcruntime:undname.obj
 0002:000006d8       ??_C@_0L@NPHFGOKO@__thiscall@ 000000018000f6d8     libvcruntime:undname.obj
 0002:000006e8       ??_C@_0L@JMKHOMEK@__fastcall@ 000000018000f6e8     libvcruntime:undname.obj
 0002:000006f8       ??_C@_0N@BCKKPABJ@__vectorcall@ 000000018000f6f8     libvcruntime:undname.obj
 0002:00000708       ??_C@_09HIJEGCPM@__clrcall@ 000000018000f708     libvcruntime:undname.obj
 0002:00000714       ??_C@_06GHPCKEAG@__eabi@   000000018000f714     libvcruntime:undname.obj
 0002:00000720       ??_C@_09IOPIDJLG@__swift_1@ 000000018000f720     libvcruntime:undname.obj
 0002:00000730       ??_C@_09KFNFGKHF@__swift_2@ 000000018000f730     libvcruntime:undname.obj
 0002:00000740       ??_C@_07JOMMBBKO@__ptr64@  000000018000f740     libvcruntime:undname.obj
 0002:00000748       ??_C@_0L@PILCLIHE@__restrict@ 000000018000f748     libvcruntime:undname.obj
 0002:00000758       ??_C@_0M@GFIIJFMG@__unaligned@ 000000018000f758     libvcruntime:undname.obj
 0002:00000768       ??_C@_09DHDLOLLB@restrict?$CI@ 000000018000f768     libvcruntime:undname.obj
 0002:00000772       ??_C@_00CNPNBAHC@@         000000018000f772     libvcruntime:undname.obj
 0002:00000774       ??_C@_04NIHEBCM@?5new@     000000018000f774     libvcruntime:undname.obj
 0002:00000780       ??_C@_07FPCDHGMM@?5delete@ 000000018000f780     libvcruntime:undname.obj
 0002:00000788       ??_C@_01NEMOKFLO@?$DN@     000000018000f788     libvcruntime:undname.obj
 0002:0000078c       ??_C@_02GPIOPFAK@?$DO?$DO@ 000000018000f78c     libvcruntime:undname.obj
 0002:00000790       ??_C@_02FODMEDOG@?$DM?$DM@ 000000018000f790     libvcruntime:undname.obj
 0002:00000794       ??_C@_01DCLJPIOD@?$CB@     000000018000f794     libvcruntime:undname.obj
 0002:00000798       ??_C@_02EGOFBIJA@?$DN?$DN@ 000000018000f798     libvcruntime:undname.obj
 0002:0000079c       ??_C@_02FDNJECIE@?$CB?$DN@ 000000018000f79c     libvcruntime:undname.obj
 0002:000007a0       ??_C@_02GPECMEKF@?$FL?$FN@ 000000018000f7a0     libvcruntime:undname.obj
 0002:000007a8       ??_C@_08LHJFAFGD@operator@ 000000018000f7a8     libvcruntime:undname.obj
 0002:000007b4       ??_C@_02HBOOOICD@?9?$DO@   000000018000f7b4     libvcruntime:undname.obj
 0002:000007b8       ??_C@_01NBENCBCI@?$CK@     000000018000f7b8     libvcruntime:undname.obj
 0002:000007bc       ??_C@_02ECNGHCIF@?$CL?$CL@ 000000018000f7bc     libvcruntime:undname.obj
 0002:000007c0       ??_C@_02BAABKJLB@?9?9@     000000018000f7c0     libvcruntime:undname.obj
 0002:000007c4       ??_C@_01JOAMLHOP@?9@       000000018000f7c4     libvcruntime:undname.obj
 0002:000007c8       ??_C@_01MIFGBAGJ@?$CL@     000000018000f7c8     libvcruntime:undname.obj
 0002:000007cc       ??_C@_01HNPIGOCE@?$CG@     000000018000f7cc     libvcruntime:undname.obj
 0002:000007d0       ??_C@_03MNHNFDLC@?9?$DO?$CK@ 000000018000f7d0     libvcruntime:undname.obj
 0002:000007d4       ??_C@_01KMDKNFGN@?1@       000000018000f7d4     libvcruntime:undname.obj
 0002:000007d8       ??_C@_01FGNFDNOH@?$CF@     000000018000f7d8     libvcruntime:undname.obj
 0002:000007dc       ??_C@_01MNNFJEPP@?$DM@     000000018000f7dc     libvcruntime:undname.obj
 0002:000007e0       ??_C@_02EHCHHCKH@?$DM?$DN@ 000000018000f7e0     libvcruntime:undname.obj
 0002:000007e4       ??_C@_01PPODPGHN@?$DO@     000000018000f7e4     libvcruntime:undname.obj
 0002:000007e8       ??_C@_02EEKDKGMJ@?$DO?$DN@ 000000018000f7e8     libvcruntime:undname.obj
 0002:000007ec       ??_C@_01IHBHIGKO@?0@       000000018000f7ec     libvcruntime:undname.obj
 0002:000007f0       ??_C@_02HCKGKOFO@?$CI?$CJ@ 000000018000f7f0     libvcruntime:undname.obj
 0002:000007f4       ??_C@_01PJKLJHI@?$HO@      000000018000f7f4     libvcruntime:undname.obj
 0002:000007f8       ??_C@_01JKBOJNNK@?$FO@     000000018000f7f8     libvcruntime:undname.obj
 0002:000007fc       ??_C@_01DNKMNLPK@?$HM@     000000018000f7fc     libvcruntime:undname.obj
 0002:00000800       ??_C@_02PPKAJPJL@?$CG?$CG@ 000000018000f800     libvcruntime:undname.obj
 0002:00000804       ??_C@_02NONPIBCD@?$HM?$HM@ 000000018000f804     libvcruntime:undname.obj
 0002:00000808       ??_C@_02FPIMKNGF@?$CK?$DN@ 000000018000f808     libvcruntime:undname.obj
 0002:0000080c       ??_C@_02FOEOMHFC@?$CL?$DN@ 000000018000f80c     libvcruntime:undname.obj
 0002:00000810       ??_C@_02FKMDLLOA@?9?$DN@   000000018000f810     libvcruntime:undname.obj
 0002:00000814       ??_C@_02FJEHGPIO@?1?$DN@   000000018000f814     libvcruntime:undname.obj
 0002:00000818       ??_C@_02FENAOKFI@?$CF?$DN@ 000000018000f818     libvcruntime:undname.obj
 0002:0000081c       ??_C@_03IKFCCPFF@?$DO?$DO?$DN@ 000000018000f81c     libvcruntime:undname.obj
 0002:00000820       ??_C@_03CDNPDDLA@?$DM?$DM?$DN@ 000000018000f820     libvcruntime:undname.obj
 0002:00000824       ??_C@_02FGJGFEAB@?$CG?$DN@ 000000018000f824     libvcruntime:undname.obj
 0002:00000828       ??_C@_02DHLNPPGH@?$HM?$DN@ 000000018000f828     libvcruntime:undname.obj
 0002:0000082c       ??_C@_02MHEGNOJ@?$FO?$DN@  000000018000f82c     libvcruntime:undname.obj
 0002:00000830       ??_C@_09IFPLHPGF@?$GAvftable?8@ 000000018000f830     libvcruntime:undname.obj
 0002:00000840       ??_C@_09BLBHBJP@?$GAvbtable?8@ 000000018000f840     libvcruntime:undname.obj
 0002:00000850       ??_C@_07FEEIOKP@?$GAvcall?8@ 000000018000f850     libvcruntime:undname.obj
 0002:00000858       ??_C@_08LLFFHHDJ@?$GAtypeof?8@ 000000018000f858     libvcruntime:undname.obj
 0002:00000868       ??_C@_0BF@KDPPACIK@?$GAlocal?5static?5guard?8@ 000000018000f868     libvcruntime:undname.obj
 0002:00000880       ??_C@_08OBABFOLI@?$GAstring?8@ 000000018000f880     libvcruntime:undname.obj
 0002:00000890       ??_C@_0BD@JDLKDPAB@?$GAvbase?5destructor?8@ 000000018000f890     libvcruntime:undname.obj
 0002:000008a8       ??_C@_0BN@DEGPLNFK@?$GAvector?5deleting?5destructor?8@ 000000018000f8a8     libvcruntime:undname.obj
 0002:000008c8       ??_C@_0BO@OBMKPJIG@?$GAdefault?5constructor?5closure?8@ 000000018000f8c8     libvcruntime:undname.obj
 0002:000008e8       ??_C@_0BN@IMDCHIKM@?$GAscalar?5deleting?5destructor?8@ 000000018000f8e8     libvcruntime:undname.obj
 0002:00000908       ??_C@_0BO@PFGOCPJJ@?$GAvector?5constructor?5iterator?8@ 000000018000f908     libvcruntime:undname.obj
 0002:00000928       ??_C@_0BN@LFPFMEDL@?$GAvector?5destructor?5iterator?8@ 000000018000f928     libvcruntime:undname.obj
 0002:00000948       ??_C@_0CE@IKBNEHA@?$GAvector?5vbase?5constructor?5itera@ 000000018000f948     libvcruntime:undname.obj
 0002:00000970       ??_C@_0BL@NILFHHPC@?$GAvirtual?5displacement?5map?8@ 000000018000f970     libvcruntime:undname.obj
 0002:00000990       ??_C@_0CB@JONCMFFK@?$GAeh?5vector?5constructor?5iterator@ 000000018000f990     libvcruntime:undname.obj
 0002:000009b8       ??_C@_0CA@GCEOPDGL@?$GAeh?5vector?5destructor?5iterator?8@ 000000018000f9b8     libvcruntime:undname.obj
 0002:000009d8       ??_C@_0CH@OOJPLCPH@?$GAeh?5vector?5vbase?5constructor?5it@ 000000018000f9d8     libvcruntime:undname.obj
 0002:00000a00       ??_C@_0BL@LLKPOHJI@?$GAcopy?5constructor?5closure?8@ 000000018000fa00     libvcruntime:undname.obj
 0002:00000a20       ??_C@_0BA@KBCDOMBN@?$GAudt?5returning?8@ 000000018000fa20     libvcruntime:undname.obj
 0002:00000a30       ??_C@_03KLGMFNMG@?$GAEH@   000000018000fa30     libvcruntime:undname.obj
 0002:00000a34       ??_C@_05KHLCHHI@?$GARTTI@  000000018000fa34     libvcruntime:undname.obj
 0002:00000a40       ??_C@_0BA@KKLDJDLB@?$GAlocal?5vftable?8@ 000000018000fa40     libvcruntime:undname.obj
 0002:00000a50       ??_C@_0CE@IIHCMGGL@?$GAlocal?5vftable?5constructor?5clos@ 000000018000fa50     libvcruntime:undname.obj
 0002:00000a74       ??_C@_06FHBGPFGH@?5new?$FL?$FN@ 000000018000fa74     libvcruntime:undname.obj
 0002:00000a80       ??_C@_09LBNFPBCA@?5delete?$FL?$FN@ 000000018000fa80     libvcruntime:undname.obj
 0002:00000a90       ??_C@_0P@HJKNJFNN@?$GAomni?5callsig?8@ 000000018000fa90     libvcruntime:undname.obj
 0002:00000aa0       ??_C@_0BL@CNOONJFP@?$GAplacement?5delete?5closure?8@ 000000018000faa0     libvcruntime:undname.obj
 0002:00000ac0       ??_C@_0BN@CKNJLHMB@?$GAplacement?5delete?$FL?$FN?5closure?8@ 000000018000fac0     libvcruntime:undname.obj
 0002:00000ae0       ??_C@_0CG@CFDHKGGD@?$GAmanaged?5vector?5constructor?5ite@ 000000018000fae0     libvcruntime:undname.obj
 0002:00000b08       ??_C@_0CF@IMGKMJNO@?$GAmanaged?5vector?5destructor?5iter@ 000000018000fb08     libvcruntime:undname.obj
 0002:00000b30       ??_C@_0CG@HLDDJMAG@?$GAeh?5vector?5copy?5constructor?5ite@ 000000018000fb30     libvcruntime:undname.obj
 0002:00000b58       ??_C@_0CM@FCBBDIGB@?$GAeh?5vector?5vbase?5copy?5construct@ 000000018000fb58     libvcruntime:undname.obj
 0002:00000b88       ??_C@_0BL@CLIPGLGB@?$GAdynamic?5initializer?5for?5?8@ 000000018000fb88     libvcruntime:undname.obj
 0002:00000ba8       ??_C@_0CB@PDBIFEP@?$GAdynamic?5atexit?5destructor?5for?5@ 000000018000fba8     libvcruntime:undname.obj
 0002:00000bd0       ??_C@_0CD@CGAJBKEJ@?$GAvector?5copy?5constructor?5iterat@ 000000018000fbd0     libvcruntime:undname.obj
 0002:00000bf8       ??_C@_0CJ@GJELGAMM@?$GAvector?5vbase?5copy?5constructor?5@ 000000018000fbf8     libvcruntime:undname.obj
 0002:00000c28       ??_C@_0CL@FGIJHLCE@?$GAmanaged?5vector?5copy?5constructo@ 000000018000fc28     libvcruntime:undname.obj
 0002:00000c58       ??_C@_0BM@PMGGMLDN@?$GAlocal?5static?5thread?5guard?8@ 000000018000fc58     libvcruntime:undname.obj
 0002:00000c78       ??_C@_0N@BDNMDMOL@operator?5?$CC?$CC?5@ 000000018000fc78     libvcruntime:undname.obj
 0002:00000c88       ??_C@_0BC@GGEBGALA@operator?5co_await@ 000000018000fc88     libvcruntime:undname.obj
 0002:00000ca0       ??_C@_0M@GAAIMMOH@operator?$DM?$DN?$DO@ 000000018000fca0     libvcruntime:undname.obj
 0002:00000cb0       ??_C@_0BC@DAFEJGAK@?5Type?5Descriptor?8@ 000000018000fcb0     libvcruntime:undname.obj
 0002:00000cc8       ??_C@_0BM@LDKODKLH@?5Base?5Class?5Descriptor?5at?5?$CI@ 000000018000fcc8     libvcruntime:undname.obj
 0002:00000ce8       ??_C@_0BD@LGICGFMM@?5Base?5Class?5Array?8@ 000000018000fce8     libvcruntime:undname.obj
 0002:00000d00       ??_C@_0BN@MECKDCOJ@?5Class?5Hierarchy?5Descriptor?8@ 000000018000fd00     libvcruntime:undname.obj
 0002:00000d20       ??_C@_0BK@CFCOFLF@?5Complete?5Object?5Locator?8@ 000000018000fd20     libvcruntime:undname.obj
 0002:00000d58       ??_C@_1DM@KHCHBNEB@?$AAa?$AAp?$AAi?$AA?9?$AAm?$AAs?$AA?9?$AAw?$AAi?$AAn?$AA?9?$AAc?$AAo?$AAr?$AAe@ 000000018000fd58     libvcruntime:winapi_downlevel.obj
 0002:00000d98       ??_C@_1DK@LPPGFMPP@?$AAa?$AAp?$AAi?$AA?9?$AAm?$AAs?$AA?9?$AAw?$AAi?$AAn?$AA?9?$AAc?$AAo?$AAr?$AAe@ 000000018000fd98     libvcruntime:winapi_downlevel.obj
 0002:00000dd8       ??_C@_1BC@GDMECMAK@?$AAk?$AAe?$AAr?$AAn?$AAe?$AAl?$AA3?$AA2@ 000000018000fdd8     libvcruntime:winapi_downlevel.obj
 0002:00000df0       ??_C@_1BA@PFFKHIOG@?$AAa?$AAp?$AAi?$AA?9?$AAm?$AAs?$AA?9@ 000000018000fdf0     libvcruntime:winapi_downlevel.obj
 0002:00000e08       ??_C@_08KNHFBNJ@FlsAlloc@  000000018000fe08     libvcruntime:winapi_downlevel.obj
 0002:00000e20       ??_C@_07PEJMOBNF@FlsFree@  000000018000fe20     libvcruntime:winapi_downlevel.obj
 0002:00000e30       ??_C@_0M@GDNOONDI@FlsGetValue@ 000000018000fe30     libvcruntime:winapi_downlevel.obj
 0002:00000e48       ??_C@_0M@JCPCPOEF@FlsSetValue@ 000000018000fe48     libvcruntime:winapi_downlevel.obj
 0002:00000e60       ??_C@_0BM@HCFOFFN@InitializeCriticalSectionEx@ 000000018000fe60     libvcruntime:winapi_downlevel.obj
 0002:00000e80       __acrt_exception_action_table 000000018000fe80     libucrt:exception_filter.obj
 0002:00000f40       __acrt_signal_action_table_count 000000018000ff40     libucrt:exception_filter.obj
 0002:00000f48       __acrt_signal_action_first_fpe_index 000000018000ff48     libucrt:exception_filter.obj
 0002:00000f50       __acrt_signal_action_fpe_count 000000018000ff50     libucrt:exception_filter.obj
 0002:00000f58       ??_C@_1BI@BGOHAHKC@?$AAm?$AAs?$AAc?$AAo?$AAr?$AAe?$AAe?$AA?4?$AAd?$AAl?$AAl?$AA?$AA@ 000000018000ff58     libucrt:exit.obj
 0002:00000f70       ??_C@_0P@MIGLKIOC@CorExitProcess?$AA@ 000000018000ff70     libucrt:exit.obj
 0002:00001208       ??_C@_1M@HPNHIDJI@?$AAj?$AAa?$AA?9?$AAJ?$AAP?$AA?$AA@ 0000000180010208     libucrt:mbctype.obj
 0002:00001218       ??_C@_1M@BIBDDEMK@?$AAz?$AAh?$AA?9?$AAC?$AAN?$AA?$AA@ 0000000180010218     libucrt:mbctype.obj
 0002:00001228       ??_C@_1M@JLOOOEGK@?$AAk?$AAo?$AA?9?$AAK?$AAR?$AA?$AA@ 0000000180010228     libucrt:mbctype.obj
 0002:00001238       ??_C@_1M@CLNBBOPM@?$AAz?$AAh?$AA?9?$AAT?$AAW?$AA?$AA@ 0000000180010238     libucrt:mbctype.obj
 0002:000012f0       ??_C@_1EA@JGEFHKEI@?$AAa?$AAp?$AAi?$AA?9?$AAm?$AAs?$AA?9?$AAw?$AAi?$AAn?$AA?9?$AAc?$AAo?$AAr?$AAe?$AA?9?$AAd?$AAa?$AAt?$AAe?$AAt?$AAi?$AAm?$AAe?$AA?9?$AAl?$AA1?$AA?9?$AA1?$AA?9?$AA1?$AA?$AA@ 00000001800102f0     libucrt:winapi_thunks.obj
 0002:00001330       ??_C@_1DM@KHCHBNEB@?$AAa?$AAp?$AAi?$AA?9?$AAm?$AAs?$AA?9?$AAw?$AAi?$AAn?$AA?9?$AAc?$AAo?$AAr?$AAe?$AA?9?$AAf?$AAi?$AAb?$AAe?$AAr?$AAs?$AA?9?$AAl?$AA1?$AA?9?$AA1?$AA?9?$AA1?$AA?$AA@ 0000000180010330     libucrt:winapi_thunks.obj
 0002:00001370       ??_C@_1DI@IJCEHOCB@?$AAa?$AAp?$AAi?$AA?9?$AAm?$AAs?$AA?9?$AAw?$AAi?$AAn?$AA?9?$AAc?$AAo?$AAr?$AAe?$AA?9?$AAf?$AAi?$AAl?$AAe?$AA?9?$AAl?$AA1?$AA?9?$AA2?$AA?9?$AA2?$AA?$AA@ 0000000180010370     libucrt:winapi_thunks.obj
 0002:000013b0       ??_C@_1EI@MPIAOHOC@?$AAa?$AAp?$AAi?$AA?9?$AAm?$AAs?$AA?9?$AAw?$AAi?$AAn?$AA?9?$AAc?$AAo?$AAr?$AAe?$AA?9?$AAl?$AAo?$AAc?$AAa?$AAl?$AAi?$AAz?$AAa?$AAt?$AAi?$AAo?$AAn?$AA?9?$AAl?$AA1?$AA?9@ 00000001800103b0     libucrt:winapi_thunks.obj
 0002:00001400       ??_C@_1FK@FPHCKFIE@?$AAa?$AAp?$AAi?$AA?9?$AAm?$AAs?$AA?9?$AAw?$AAi?$AAn?$AA?9?$AAc?$AAo?$AAr?$AAe?$AA?9?$AAl?$AAo?$AAc?$AAa?$AAl?$AAi?$AAz?$AAa?$AAt?$AAi?$AAo?$AAn?$AA?9?$AAo?$AAb?$AAs@ 0000000180010400     libucrt:winapi_thunks.obj
 0002:00001460       ??_C@_1EM@DILCGIIO@?$AAa?$AAp?$AAi?$AA?9?$AAm?$AAs?$AA?9?$AAw?$AAi?$AAn?$AA?9?$AAc?$AAo?$AAr?$AAe?$AA?9?$AAp?$AAr?$AAo?$AAc?$AAe?$AAs?$AAs?$AAt?$AAh?$AAr?$AAe?$AAa?$AAd?$AAs?$AA?9?$AAl@ 0000000180010460     libucrt:winapi_thunks.obj
 0002:000014b0       ??_C@_1DM@LNCGDDPN@?$AAa?$AAp?$AAi?$AA?9?$AAm?$AAs?$AA?9?$AAw?$AAi?$AAn?$AA?9?$AAc?$AAo?$AAr?$AAe?$AA?9?$AAs?$AAt?$AAr?$AAi?$AAn?$AAg?$AA?9?$AAl?$AA1?$AA?9?$AA1?$AA?9?$AA0?$AA?$AA@ 00000001800104b0     libucrt:winapi_thunks.obj
 0002:000014f0       ??_C@_1DK@LPPGFMPP@?$AAa?$AAp?$AAi?$AA?9?$AAm?$AAs?$AA?9?$AAw?$AAi?$AAn?$AA?9?$AAc?$AAo?$AAr?$AAe?$AA?9?$AAs?$AAy?$AAn?$AAc?$AAh?$AA?9?$AAl?$AA1?$AA?9?$AA2?$AA?9?$AA0?$AA?$AA@ 00000001800104f0     libucrt:winapi_thunks.obj
 0002:00001530       ??_C@_1DO@FPAPJEMD@?$AAa?$AAp?$AAi?$AA?9?$AAm?$AAs?$AA?9?$AAw?$AAi?$AAn?$AA?9?$AAc?$AAo?$AAr?$AAe?$AA?9?$AAs?$AAy?$AAs?$AAi?$AAn?$AAf?$AAo?$AA?9?$AAl?$AA1?$AA?9?$AA2?$AA?9?$AA1?$AA?$AA@ 0000000180010530     libucrt:winapi_thunks.obj
 0002:00001570       ??_C@_1DK@NDHNAHIO@?$AAa?$AAp?$AAi?$AA?9?$AAm?$AAs?$AA?9?$AAw?$AAi?$AAn?$AA?9?$AAc?$AAo?$AAr?$AAe?$AA?9?$AAw?$AAi?$AAn?$AAr?$AAt?$AA?9?$AAl?$AA1?$AA?9?$AA1?$AA?9?$AA0?$AA?$AA@ 0000000180010570     libucrt:winapi_thunks.obj
 0002:000015b0       ??_C@_1DM@KGHDGBCM@?$AAa?$AAp?$AAi?$AA?9?$AAm?$AAs?$AA?9?$AAw?$AAi?$AAn?$AA?9?$AAc?$AAo?$AAr?$AAe?$AA?9?$AAx?$AAs?$AAt?$AAa?$AAt?$AAe?$AA?9?$AAl?$AA2?$AA?9?$AA1?$AA?9?$AA0?$AA?$AA@ 00000001800105b0     libucrt:winapi_thunks.obj
 0002:000015f0       ??_C@_1EO@IJIOEFOH@?$AAa?$AAp?$AAi?$AA?9?$AAm?$AAs?$AA?9?$AAw?$AAi?$AAn?$AA?9?$AAr?$AAt?$AAc?$AAo?$AAr?$AAe?$AA?9?$AAn?$AAt?$AAu?$AAs?$AAe?$AAr?$AA?9?$AAw?$AAi?$AAn?$AAd?$AAo?$AAw?$AA?9@ 00000001800105f0     libucrt:winapi_thunks.obj
 0002:00001640       ??_C@_1FG@HHGEKANL@?$AAa?$AAp?$AAi?$AA?9?$AAm?$AAs?$AA?9?$AAw?$AAi?$AAn?$AA?9?$AAs?$AAe?$AAc?$AAu?$AAr?$AAi?$AAt?$AAy?$AA?9?$AAs?$AAy?$AAs?$AAt?$AAe?$AAm?$AAf?$AAu?$AAn?$AAc?$AAt?$AAi@ 0000000180010640     libucrt:winapi_thunks.obj
 0002:000016a0       ??_C@_1EG@DBIOJECG@?$AAe?$AAx?$AAt?$AA?9?$AAm?$AAs?$AA?9?$AAw?$AAi?$AAn?$AA?9?$AAn?$AAt?$AAu?$AAs?$AAe?$AAr?$AA?9?$AAd?$AAi?$AAa?$AAl?$AAo?$AAg?$AAb?$AAo?$AAx?$AA?9?$AAl?$AA1?$AA?9?$AA1@ 00000001800106a0     libucrt:winapi_thunks.obj
 0002:000016f0       ??_C@_1EO@FIHMJCLF@?$AAe?$AAx?$AAt?$AA?9?$AAm?$AAs?$AA?9?$AAw?$AAi?$AAn?$AA?9?$AAn?$AAt?$AAu?$AAs?$AAe?$AAr?$AA?9?$AAw?$AAi?$AAn?$AAd?$AAo?$AAw?$AAs?$AAt?$AAa?$AAt?$AAi?$AAo?$AAn?$AA?9@ 00000001800106f0     libucrt:winapi_thunks.obj
 0002:00001740       ??_C@_1BC@DNHGCMLG@?$AAa?$AAd?$AAv?$AAa?$AAp?$AAi?$AA3?$AA2?$AA?$AA@ 0000000180010740     libucrt:winapi_thunks.obj
 0002:00001758       ??_C@_1BC@GDMECMAK@?$AAk?$AAe?$AAr?$AAn?$AAe?$AAl?$AA3?$AA2?$AA?$AA@ 0000000180010758     libucrt:winapi_thunks.obj
 0002:00001770       ??_C@_1M@OAIMIKLP@?$AAn?$AAt?$AAd?$AAl?$AAl?$AA?$AA@ 0000000180010770     libucrt:winapi_thunks.obj
 0002:00001780       ??_C@_1EG@DPGNFKGC@?$AAa?$AAp?$AAi?$AA?9?$AAm?$AAs?$AA?9?$AAw?$AAi?$AAn?$AA?9?$AAa?$AAp?$AAp?$AAm?$AAo?$AAd?$AAe?$AAl?$AA?9?$AAr?$AAu?$AAn?$AAt?$AAi?$AAm?$AAe?$AA?9?$AAl?$AA1?$AA?9?$AA1@ 0000000180010780     libucrt:winapi_thunks.obj
 0002:000017c8       ??_C@_1O@BCCLBEOE@?$AAu?$AAs?$AAe?$AAr?$AA3?$AA2?$AA?$AA@ 00000001800107c8     libucrt:winapi_thunks.obj
 0002:000017d8       ??_C@_1BA@PFFKHIOG@?$AAa?$AAp?$AAi?$AA?9?$AAm?$AAs?$AA?9?$AA?$AA@ 00000001800107d8     libucrt:winapi_thunks.obj
 0002:000017e8       ??_C@_1BA@IAIFMGEF@?$AAe?$AAx?$AAt?$AA?9?$AAm?$AAs?$AA?9?$AA?$AA@ 00000001800107e8     libucrt:winapi_thunks.obj
 0002:00001800       ??_C@_0BA@FHFNEAED@AreFileApisANSI?$AA@ 0000000180010800     libucrt:winapi_thunks.obj
 0002:00001818       ??_C@_08KNHFBNJ@FlsAlloc?$AA@ 0000000180010818     libucrt:winapi_thunks.obj
 0002:00001830       ??_C@_07PEJMOBNF@FlsFree?$AA@ 0000000180010830     libucrt:winapi_thunks.obj
 0002:00001840       ??_C@_0M@GDNOONDI@FlsGetValue?$AA@ 0000000180010840     libucrt:winapi_thunks.obj
 0002:00001858       ??_C@_0M@JCPCPOEF@FlsSetValue?$AA@ 0000000180010858     libucrt:winapi_thunks.obj
 0002:00001870       ??_C@_0BM@HCFOFFN@InitializeCriticalSectionEx?$AA@ 0000000180010870     libucrt:winapi_thunks.obj
 0002:00001898       ??_C@_0O@KKBNKAPF@LCMapStringEx?$AA@ 0000000180010898     libucrt:winapi_thunks.obj
 0002:000018b0       ??_C@_0BB@HBDEELFH@LocaleNameToLCID?$AA@ 00000001800108b0     libucrt:winapi_thunks.obj
 0002:000018c8       ??_C@_0CF@OJOFEIGO@AppPolicyGetProcessTerminationMe@ 00000001800108c8     libucrt:winapi_thunks.obj
 0002:000018f0       __lc_time_c                00000001800108f0     libucrt:nlsdata.obj
 0002:00001bb0       ??_C@_03KOEHGMDN@Sun?$AA@  0000000180010bb0     libucrt:nlsdata.obj
 0002:00001bb4       ??_C@_03PDAGKDH@Mon?$AA@   0000000180010bb4     libucrt:nlsdata.obj
 0002:00001bb8       ??_C@_03NAGEINEP@Tue?$AA@  0000000180010bb8     libucrt:nlsdata.obj
 0002:00001bbc       ??_C@_03MHOMLAJA@Wed?$AA@  0000000180010bbc     libucrt:nlsdata.obj
 0002:00001bc0       ??_C@_03IOFIKPDN@Thu?$AA@  0000000180010bc0     libucrt:nlsdata.obj
 0002:00001bc4       ??_C@_03IDIOELNC@Fri?$AA@  0000000180010bc4     libucrt:nlsdata.obj
 0002:00001bc8       ??_C@_03FEFJNEK@Sat?$AA@   0000000180010bc8     libucrt:nlsdata.obj
 0002:00001bcc       ??_C@_06OOPIFAJ@Sunday?$AA@ 0000000180010bcc     libucrt:nlsdata.obj
 0002:00001bd4       ??_C@_06JLEDEDGH@Monday?$AA@ 0000000180010bd4     libucrt:nlsdata.obj
 0002:00001be0       ??_C@_07BAAGCFCM@Tuesday?$AA@ 0000000180010be0     libucrt:nlsdata.obj
 0002:00001be8       ??_C@_09DLIGFAKA@Wednesday?$AA@ 0000000180010be8     libucrt:nlsdata.obj
 0002:00001bf8       ??_C@_08HACCIKIA@Thursday?$AA@ 0000000180010bf8     libucrt:nlsdata.obj
 0002:00001c04       ??_C@_06JECMNKMI@Friday?$AA@ 0000000180010c04     libucrt:nlsdata.obj
 0002:00001c10       ??_C@_08INBOOONO@Saturday?$AA@ 0000000180010c10     libucrt:nlsdata.obj
 0002:00001c1c       ??_C@_03JIHJHPIE@Jan?$AA@  0000000180010c1c     libucrt:nlsdata.obj
 0002:00001c20       ??_C@_03HJBDCHOM@Feb?$AA@  0000000180010c20     libucrt:nlsdata.obj
 0002:00001c24       ??_C@_03ODNJBKGA@Mar?$AA@  0000000180010c24     libucrt:nlsdata.obj
 0002:00001c28       ??_C@_03LEOLGMJP@Apr?$AA@  0000000180010c28     libucrt:nlsdata.obj
 0002:00001c2c       ??_C@_03CNMDKL@May?$AA@    0000000180010c2c     libucrt:nlsdata.obj
 0002:00001c30       ??_C@_03IDFGHECI@Jun?$AA@  0000000180010c30     libucrt:nlsdata.obj
 0002:00001c34       ??_C@_03LBGABGKK@Jul?$AA@  0000000180010c34     libucrt:nlsdata.obj
 0002:00001c38       ??_C@_03IFJFEIGA@Aug?$AA@  0000000180010c38     libucrt:nlsdata.obj
 0002:00001c3c       ??_C@_03GGCAPAJC@Sep?$AA@  0000000180010c3c     libucrt:nlsdata.obj
 0002:00001c40       ??_C@_03BMAOKBAD@Oct?$AA@  0000000180010c40     libucrt:nlsdata.obj
 0002:00001c44       ??_C@_03JPJOFNIA@Nov?$AA@  0000000180010c44     libucrt:nlsdata.obj
 0002:00001c48       ??_C@_03MKABNOCG@Dec?$AA@  0000000180010c48     libucrt:nlsdata.obj
 0002:00001c50       ??_C@_07CGJPFGJA@January?$AA@ 0000000180010c50     libucrt:nlsdata.obj
 0002:00001c58       ??_C@_08GNJGEPFN@February?$AA@ 0000000180010c58     libucrt:nlsdata.obj
 0002:00001c64       ??_C@_05HPCKOFNC@March?$AA@ 0000000180010c64     libucrt:nlsdata.obj
 0002:00001c6c       ??_C@_05DMJDNLEJ@April?$AA@ 0000000180010c6c     libucrt:nlsdata.obj
 0002:00001c74       ??_C@_04CNLMGBGM@June?$AA@ 0000000180010c74     libucrt:nlsdata.obj
 0002:00001c7c       ??_C@_04MIEPOIFP@July?$AA@ 0000000180010c7c     libucrt:nlsdata.obj
 0002:00001c84       ??_C@_06LBBHFDDG@August?$AA@ 0000000180010c84     libucrt:nlsdata.obj
 0002:00001c90       ??_C@_09BHHEALKD@September?$AA@ 0000000180010c90     libucrt:nlsdata.obj
 0002:00001ca0       ??_C@_07JJNFCEND@October?$AA@ 0000000180010ca0     libucrt:nlsdata.obj
 0002:00001ca8       ??_C@_08HCHEGEOA@November?$AA@ 0000000180010ca8     libucrt:nlsdata.obj
 0002:00001cb8       ??_C@_08EDHMEBNP@December?$AA@ 0000000180010cb8     libucrt:nlsdata.obj
 0002:00001cc4       ??_C@_02DEDBPAFC@AM?$AA@   0000000180010cc4     libucrt:nlsdata.obj
 0002:00001cc8       ??_C@_02CJNFDJBF@PM?$AA@   0000000180010cc8     libucrt:nlsdata.obj
 0002:00001cd0       ??_C@_08BPBNCDIB@MM?1dd?1yy?$AA@ 0000000180010cd0     libucrt:nlsdata.obj
 0002:00001ce0       ??_C@_0BE@CKGJFCPC@dddd?0?5MMMM?5dd?0?5yyyy?$AA@ 0000000180010ce0     libucrt:nlsdata.obj
 0002:00001cf8       ??_C@_08JCCMCCIL@HH?3mm?3ss?$AA@ 0000000180010cf8     libucrt:nlsdata.obj
 0002:00001d08       ??_C@_17MBGCMIPB@?$AAS?$AAu?$AAn?$AA?$AA@ 0000000180010d08     libucrt:nlsdata.obj
 0002:00001d10       ??_C@_17KBOMKBF@?$AAM?$AAo?$AAn?$AA?$AA@ 0000000180010d10     libucrt:nlsdata.obj
 0002:00001d18       ??_C@_17BMKGEGOJ@?$AAT?$AAu?$AAe?$AA?$AA@ 0000000180010d18     libucrt:nlsdata.obj
 0002:00001d20       ??_C@_17CJEDCEPE@?$AAW?$AAe?$AAd?$AA?$AA@ 0000000180010d20     libucrt:nlsdata.obj
 0002:00001d28       ??_C@_17PDPHAADD@?$AAT?$AAh?$AAu?$AA?$AA@ 0000000180010d28     libucrt:nlsdata.obj
 0002:00001d30       ??_C@_17HFOLPPLP@?$AAF?$AAr?$AAi?$AA?$AA@ 0000000180010d30     libucrt:nlsdata.obj
 0002:00001d38       ??_C@_17GGIBDPIH@?$AAS?$AAa?$AAt?$AA?$AA@ 0000000180010d38     libucrt:nlsdata.obj
 0002:00001d40       ??_C@_1O@IHNHDHPB@?$AAS?$AAu?$AAn?$AAd?$AAa?$AAy?$AA?$AA@ 0000000180010d40     libucrt:nlsdata.obj
 0002:00001d50       ??_C@_1O@MMNBFLIA@?$AAM?$AAo?$AAn?$AAd?$AAa?$AAy?$AA?$AA@ 0000000180010d50     libucrt:nlsdata.obj
 0002:00001d60       ??_C@_1BA@ENFBFFEK@?$AAT?$AAu?$AAe?$AAs?$AAd?$AAa?$AAy?$AA?$AA@ 0000000180010d60     libucrt:nlsdata.obj
 0002:00001d70       ??_C@_1BE@EBOGMDOH@?$AAW?$AAe?$AAd?$AAn?$AAe?$AAs?$AAd?$AAa?$AAy?$AA?$AA@ 0000000180010d70     libucrt:nlsdata.obj
 0002:00001d88       ??_C@_1BC@HHMNLIHE@?$AAT?$AAh?$AAu?$AAr?$AAs?$AAd?$AAa?$AAy?$AA?$AA@ 0000000180010d88     libucrt:nlsdata.obj
 0002:00001da0       ??_C@_1O@PDICJHAG@?$AAF?$AAr?$AAi?$AAd?$AAa?$AAy?$AA?$AA@ 0000000180010da0     libucrt:nlsdata.obj
 0002:00001db0       ??_C@_1BC@ENMNNPAJ@?$AAS?$AAa?$AAt?$AAu?$AAr?$AAd?$AAa?$AAy?$AA?$AA@ 0000000180010db0     libucrt:nlsdata.obj
 0002:00001dc8       ??_C@_17DKNBKCHM@?$AAJ?$AAa?$AAn?$AA?$AA@ 0000000180010dc8     libucrt:nlsdata.obj
 0002:00001dd0       ??_C@_17LMDJEKJN@?$AAF?$AAe?$AAb?$AA?$AA@ 0000000180010dd0     libucrt:nlsdata.obj
 0002:00001dd8       ??_C@_17CKNLEDEC@?$AAM?$AAa?$AAr?$AA?$AA@ 0000000180010dd8     libucrt:nlsdata.obj
 0002:00001de0       ??_C@_17LFPOIHDD@?$AAA?$AAp?$AAr?$AA?$AA@ 0000000180010de0     libucrt:nlsdata.obj
 0002:00001de8       ??_C@_17PNNKMEED@?$AAM?$AAa?$AAy?$AA?$AA@ 0000000180010de8     libucrt:nlsdata.obj
 0002:00001df0       ??_C@_17KCJGOCPB@?$AAJ?$AAu?$AAn?$AA?$AA@ 0000000180010df0     libucrt:nlsdata.obj
 0002:00001df8       ??_C@_17IJPCKHK@?$AAJ?$AAu?$AAl?$AA?$AA@ 0000000180010df8     libucrt:nlsdata.obj
 0002:00001e00       ??_C@_17ICPELBCN@?$AAA?$AAu?$AAg?$AA?$AA@ 0000000180010e00     libucrt:nlsdata.obj
 0002:00001e08       ??_C@_17HCHCOKMG@?$AAS?$AAe?$AAp?$AA?$AA@ 0000000180010e08     libucrt:nlsdata.obj
 0002:00001e10       ??_C@_17FNLKOI@?$AAO?$AAc?$AAt?$AA?$AA@ 0000000180010e10     libucrt:nlsdata.obj
 0002:00001e18       ??_C@_17BBDMLCIG@?$AAN?$AAo?$AAv?$AA?$AA@ 0000000180010e18     libucrt:nlsdata.obj
 0002:00001e20       ??_C@_17EGKACKIF@?$AAD?$AAe?$AAc?$AA?$AA@ 0000000180010e20     libucrt:nlsdata.obj
 0002:00001e28       ??_C@_1BA@EFMEIEBA@?$AAJ?$AAa?$AAn?$AAu?$AAa?$AAr?$AAy?$AA?$AA@ 0000000180010e28     libucrt:nlsdata.obj
 0002:00001e38       ??_C@_1BC@JGDDFFAM@?$AAF?$AAe?$AAb?$AAr?$AAu?$AAa?$AAr?$AAy?$AA?$AA@ 0000000180010e38     libucrt:nlsdata.obj
 0002:00001e50       ??_C@_1M@IKEENEDF@?$AAM?$AAa?$AAr?$AAc?$AAh?$AA?$AA@ 0000000180010e50     libucrt:nlsdata.obj
 0002:00001e60       ??_C@_1M@GJNLMHFD@?$AAA?$AAp?$AAr?$AAi?$AAl?$AA?$AA@ 0000000180010e60     libucrt:nlsdata.obj
 0002:00001e70       ??_C@_19EPFLPGAP@?$AAJ?$AAu?$AAn?$AAe?$AA?$AA@ 0000000180010e70     libucrt:nlsdata.obj
 0002:00001e80       ??_C@_19BIFMLPCD@?$AAJ?$AAu?$AAl?$AAy?$AA?$AA@ 0000000180010e80     libucrt:nlsdata.obj
 0002:00001e90       ??_C@_1O@PAHLKOAC@?$AAA?$AAu?$AAg?$AAu?$AAs?$AAt?$AA?$AA@ 0000000180010e90     libucrt:nlsdata.obj
 0002:00001ea0       ??_C@_1BE@DKAAMBJL@?$AAS?$AAe?$AAp?$AAt?$AAe?$AAm?$AAb?$AAe?$AAr?$AA?$AA@ 0000000180010ea0     libucrt:nlsdata.obj
 0002:00001eb8       ??_C@_1BA@EPANDLNG@?$AAO?$AAc?$AAt?$AAo?$AAb?$AAe?$AAr?$AA?$AA@ 0000000180010eb8     libucrt:nlsdata.obj
 0002:00001ec8       ??_C@_1BC@BGLIFPF@?$AAN?$AAo?$AAv?$AAe?$AAm?$AAb?$AAe?$AAr?$AA?$AA@ 0000000180010ec8     libucrt:nlsdata.obj
 0002:00001ee0       ??_C@_1BC@FEMKIFH@?$AAD?$AAe?$AAc?$AAe?$AAm?$AAb?$AAe?$AAr?$AA?$AA@ 0000000180010ee0     libucrt:nlsdata.obj
 0002:00001ef4       ??_C@_15ODEHAHHF@?$AAA?$AAM?$AA?$AA@ 0000000180010ef4     libucrt:nlsdata.obj
 0002:00001efc       ??_C@_15CLMNNGEL@?$AAP?$AAM?$AA?$AA@ 0000000180010efc     libucrt:nlsdata.obj
 0002:00001f08       ??_C@_1BC@IEBCMHCM@?$AAM?$AAM?$AA?1?$AAd?$AAd?$AA?1?$AAy?$AAy?$AA?$AA@ 0000000180010f08     libucrt:nlsdata.obj
 0002:00001f20       ??_C@_1CI@KNAKOEBC@?$AAd?$AAd?$AAd?$AAd?$AA?0?$AA?5?$AAM?$AAM?$AAM?$AAM?$AA?5?$AAd?$AAd?$AA?0?$AA?5?$AAy?$AAy?$AAy?$AAy?$AA?$AA@ 0000000180010f20     libucrt:nlsdata.obj
 0002:00001f48       ??_C@_1BC@GDGBMEMK@?$AAH?$AAH?$AA?3?$AAm?$AAm?$AA?3?$AAs?$AAs?$AA?$AA@ 0000000180010f48     libucrt:nlsdata.obj
 0002:00001f60       ??_C@_1M@BMHNFIME@?$AAe?$AAn?$AA?9?$AAU?$AAS?$AA?$AA@ 0000000180010f60     libucrt:nlsdata.obj
 0002:00001f70       __newctype                 0000000180010f70     libucrt:ctype.obj
 0002:00002270       __newclmap                 0000000180011270     libucrt:ctype.obj
 0002:000023f0       __newcumap                 00000001800113f0     libucrt:ctype.obj
 0002:000033b0       ??_C@_15EMKDOKLE@?$AAa?$AAr?$AA?$AA@ 00000001800123b0     libucrt:lcidtoname_downlevel.obj
 0002:000033b8       ??_C@_15KNPADPLH@?$AAb?$AAg?$AA?$AA@ 00000001800123b8     libucrt:lcidtoname_downlevel.obj
 0002:000033c0       ??_C@_15EDMHLDMO@?$AAc?$AAa?$AA?$AA@ 00000001800123c0     libucrt:lcidtoname_downlevel.obj
 0002:000033c8       ??_C@_1O@BPEAJADD@?$AAz?$AAh?$AA?9?$AAC?$AAH?$AAS?$AA?$AA@ 00000001800123c8     libucrt:lcidtoname_downlevel.obj
 0002:000033d8       ??_C@_15LJNHCMNK@?$AAc?$AAs?$AA?$AA@ 00000001800123d8     libucrt:lcidtoname_downlevel.obj
 0002:000033e0       ??_C@_15FOMCIDHG@?$AAd?$AAa?$AA?$AA@ 00000001800123e0     libucrt:lcidtoname_downlevel.obj
 0002:000033e8       ??_C@_15NBKABECB@?$AAd?$AAe?$AA?$AA@ 00000001800123e8     libucrt:lcidtoname_downlevel.obj
 0002:000033f0       ??_C@_15GHPEIIAO@?$AAe?$AAl?$AA?$AA@ 00000001800123f0     libucrt:lcidtoname_downlevel.obj
 0002:000033f8       ??_C@_15MNPNEAIF@?$AAe?$AAn?$AA?$AA@ 00000001800123f8     libucrt:lcidtoname_downlevel.obj
 0002:00003400       ??_C@_15GPIOMPMH@?$AAe?$AAs?$AA?$AA@ 0000000180012400     libucrt:lcidtoname_downlevel.obj
 0002:00003408       ??_C@_15NGLOAKJC@?$AAf?$AAi?$AA?$AA@ 0000000180012408     libucrt:lcidtoname_downlevel.obj
 0002:00003410       ??_C@_15FBKGNKAM@?$AAf?$AAr?$AA?$AA@ 0000000180012410     libucrt:lcidtoname_downlevel.obj
 0002:00003418       ??_C@_15KGGCNEFK@?$AAh?$AAe?$AA?$AA@ 0000000180012418     libucrt:lcidtoname_downlevel.obj
 0002:00003420       ??_C@_15PGHLIDMF@?$AAh?$AAu?$AA?$AA@ 0000000180012420     libucrt:lcidtoname_downlevel.obj
 0002:00003428       ??_C@_15BIEMAPLM@?$AAi?$AAs?$AA?$AA@ 0000000180012428     libucrt:lcidtoname_downlevel.obj
 0002:00003430       ??_C@_15IFJLDHAF@?$AAi?$AAt?$AA?$AA@ 0000000180012430     libucrt:lcidtoname_downlevel.obj
 0002:00003438       ??_C@_15GEMIOCAG@?$AAj?$AAa?$AA?$AA@ 0000000180012438     libucrt:lcidtoname_downlevel.obj
 0002:00003440       ??_C@_15EPELEGJA@?$AAk?$AAo?$AA?$AA@ 0000000180012440     libucrt:lcidtoname_downlevel.obj
 0002:00003448       ??_C@_15NDDHIMN@?$AAn?$AAl?$AA?$AA@ 0000000180012448     libucrt:lcidtoname_downlevel.obj
 0002:00003450       ??_C@_15BPIGNHCD@?$AAn?$AAo?$AA?$AA@ 0000000180012450     libucrt:lcidtoname_downlevel.obj
 0002:00003458       ??_C@_15DEOPBLCG@?$AAp?$AAl?$AA?$AA@ 0000000180012458     libucrt:lcidtoname_downlevel.obj
 0002:00003460       ??_C@_15KBECGEFG@?$AAp?$AAt?$AA?$AA@ 0000000180012460     libucrt:lcidtoname_downlevel.obj
 0002:00003468       ??_C@_15GLJCBFMD@?$AAr?$AAo?$AA?$AA@ 0000000180012468     libucrt:lcidtoname_downlevel.obj
 0002:00003470       ??_C@_15FEDGKCDI@?$AAr?$AAu?$AA?$AA@ 0000000180012470     libucrt:lcidtoname_downlevel.obj
 0002:00003478       ??_C@_15GLKMLLHM@?$AAh?$AAr?$AA?$AA@ 0000000180012478     libucrt:lcidtoname_downlevel.obj
 0002:00003480       ??_C@_15CPKMFBDB@?$AAs?$AAk?$AA?$AA@ 0000000180012480     libucrt:lcidtoname_downlevel.obj
 0002:00003488       ??_C@_15BAAIOGMK@?$AAs?$AAq?$AA?$AA@ 0000000180012488     libucrt:lcidtoname_downlevel.obj
 0002:00003490       ??_C@_15INNPNOHD@?$AAs?$AAv?$AA?$AA@ 0000000180012490     libucrt:lcidtoname_downlevel.obj
 0002:00003498       ??_C@_15CABMMOGH@?$AAt?$AAh?$AA?$AA@ 0000000180012498     libucrt:lcidtoname_downlevel.obj
 0002:000034a0       ??_C@_15BPLIHJJM@?$AAt?$AAr?$AA?$AA@ 00000001800124a0     libucrt:lcidtoname_downlevel.obj
 0002:000034a8       ??_C@_15NEOEKKDJ@?$AAu?$AAr?$AA?$AA@ 00000001800124a8     libucrt:lcidtoname_downlevel.obj
 0002:000034b0       ??_C@_15NFICGAJK@?$AAi?$AAd?$AA?$AA@ 00000001800124b0     libucrt:lcidtoname_downlevel.obj
 0002:000034b8       ??_C@_15PJPFLCCM@?$AAu?$AAk?$AA?$AA@ 00000001800124b8     libucrt:lcidtoname_downlevel.obj
 0002:000034c0       ??_C@_15HPJPHDM@?$AAb?$AAe?$AA?$AA@ 00000001800124c0     libucrt:lcidtoname_downlevel.obj
 0002:000034c8       ??_C@_15LCHLGJII@?$AAs?$AAl?$AA?$AA@ 00000001800124c8     libucrt:lcidtoname_downlevel.obj
 0002:000034d0       ??_C@_15PCFJPHHO@?$AAe?$AAt?$AA?$AA@ 00000001800124d0     libucrt:lcidtoname_downlevel.obj
 0002:000034d8       ??_C@_15HPFPGODN@?$AAl?$AAv?$AA?$AA@ 00000001800124d8     libucrt:lcidtoname_downlevel.obj
 0002:000034e0       ??_C@_15NFFGKGLG@?$AAl?$AAt?$AA?$AA@ 00000001800124e0     libucrt:lcidtoname_downlevel.obj
 0002:000034e8       ??_C@_15BDAKCCHN@?$AAf?$AAa?$AA?$AA@ 00000001800124e8     libucrt:lcidtoname_downlevel.obj
 0002:000034f0       ??_C@_15NFGIAIAJ@?$AAv?$AAi?$AA?$AA@ 00000001800124f0     libucrt:lcidtoname_downlevel.obj
 0002:000034f8       ??_C@_15LMKNDMHN@?$AAh?$AAy?$AA?$AA@ 00000001800124f8     libucrt:lcidtoname_downlevel.obj
 0002:00003500       ??_C@_15IJBHMCFL@?$AAa?$AAz?$AA?$AA@ 0000000180012500     libucrt:lcidtoname_downlevel.obj
 0002:00003508       ??_C@_15EKOFJABL@?$AAe?$AAu?$AA?$AA@ 0000000180012508     libucrt:lcidtoname_downlevel.obj
 0002:00003510       ??_C@_15BGHADCNK@?$AAm?$AAk?$AA?$AA@ 0000000180012510     libucrt:lcidtoname_downlevel.obj
 0002:00003518       ??_C@_15JDNICKHM@?$AAa?$AAf?$AA?$AA@ 0000000180012518     libucrt:lcidtoname_downlevel.obj
 0002:00003520       ??_C@_15KPJEDBKD@?$AAk?$AAa?$AA?$AA@ 0000000180012520     libucrt:lcidtoname_downlevel.obj
 0002:00003528       ??_C@_15PDNFFFEO@?$AAf?$AAo?$AA?$AA@ 0000000180012528     libucrt:lcidtoname_downlevel.obj
 0002:00003530       ??_C@_15OMLEGLOC@?$AAh?$AAi?$AA?$AA@ 0000000180012530     libucrt:lcidtoname_downlevel.obj
 0002:00003538       ??_C@_15IDNNENKK@?$AAm?$AAs?$AA?$AA@ 0000000180012538     libucrt:lcidtoname_downlevel.obj
 0002:00003540       ??_C@_15MACJNBMH@?$AAk?$AAk?$AA?$AA@ 0000000180012540     libucrt:lcidtoname_downlevel.obj
 0002:00003548       ??_C@_15DKDJEOND@?$AAk?$AAy?$AA?$AA@ 0000000180012548     libucrt:lcidtoname_downlevel.obj
 0002:00003550       ??_C@_15DFGDLJBG@?$AAs?$AAw?$AA?$AA@ 0000000180012550     libucrt:lcidtoname_downlevel.obj
 0002:00003558       ??_C@_15BBFAICNG@?$AAu?$AAz?$AA?$AA@ 0000000180012558     libucrt:lcidtoname_downlevel.obj
 0002:00003560       ??_C@_15DKNDCGEA@?$AAt?$AAt?$AA?$AA@ 0000000180012560     libucrt:lcidtoname_downlevel.obj
 0002:00003568       ??_C@_15MGIFMDPL@?$AAp?$AAa?$AA?$AA@ 0000000180012568     libucrt:lcidtoname_downlevel.obj
 0002:00003570       ??_C@_15HCNDBBA@?$AAg?$AAu?$AA?$AA@ 0000000180012570     libucrt:lcidtoname_downlevel.obj
 0002:00003578       ??_C@_15FNBEIBON@?$AAt?$AAa?$AA?$AA@ 0000000180012578     libucrt:lcidtoname_downlevel.obj
 0002:00003580       ??_C@_15NCHGBGLK@?$AAt?$AAe?$AA?$AA@ 0000000180012580     libucrt:lcidtoname_downlevel.obj
 0002:00003588       ??_C@_15PHPHCBPF@?$AAk?$AAn?$AA?$AA@ 0000000180012588     libucrt:lcidtoname_downlevel.obj
 0002:00003590       ??_C@_15DLGBCKMP@?$AAm?$AAr?$AA?$AA@ 0000000180012590     libucrt:lcidtoname_downlevel.obj
 0002:00003598       ??_C@_15EABBLBFF@?$AAs?$AAa?$AA?$AA@ 0000000180012598     libucrt:lcidtoname_downlevel.obj
 0002:000035a0       ??_C@_15CBKOMCOI@?$AAm?$AAn?$AA?$AA@ 00000001800125a0     libucrt:lcidtoname_downlevel.obj
 0002:000035a8       ??_C@_15CKDMCJAF@?$AAg?$AAl?$AA?$AA@ 00000001800125a8     libucrt:lcidtoname_downlevel.obj
 0002:000035b0       ??_C@_17CNJFBPG@?$AAk?$AAo?$AAk?$AA?$AA@ 00000001800125b0     libucrt:lcidtoname_downlevel.obj
 0002:000035b8       ??_C@_17FFBJICPL@?$AAs?$AAy?$AAr?$AA?$AA@ 00000001800125b8     libucrt:lcidtoname_downlevel.obj
 0002:000035c0       ??_C@_17KPNDCPAF@?$AAd?$AAi?$AAv?$AA?$AA@ 00000001800125c0     libucrt:lcidtoname_downlevel.obj
 0002:000035c8       ??_C@_11LOCGONAA@?$AA?$AA@ 00000001800125c8     libucrt:lcidtoname_downlevel.obj
 0002:000035d0       ??_C@_1M@OKAHONE@?$AAa?$AAr?$AA?9?$AAS?$AAA?$AA?$AA@ 00000001800125d0     libucrt:lcidtoname_downlevel.obj
 0002:000035e0       ??_C@_1M@FFFIGIGK@?$AAb?$AAg?$AA?9?$AAB?$AAG?$AA?$AA@ 00000001800125e0     libucrt:lcidtoname_downlevel.obj
 0002:000035f0       ??_C@_1M@BJNKEDC@?$AAc?$AAa?$AA?9?$AAE?$AAS?$AA?$AA@ 00000001800125f0     libucrt:lcidtoname_downlevel.obj
 0002:00003600       ??_C@_1M@IJJHFJHA@?$AAc?$AAs?$AA?9?$AAC?$AAZ?$AA?$AA@ 0000000180012600     libucrt:lcidtoname_downlevel.obj
 0002:00003610       ??_C@_1M@CLPEOBGI@?$AAd?$AAa?$AA?9?$AAD?$AAK?$AA?$AA@ 0000000180012610     libucrt:lcidtoname_downlevel.obj
 0002:00003620       ??_C@_1M@MCMADGCB@?$AAd?$AAe?$AA?9?$AAD?$AAE?$AA?$AA@ 0000000180012620     libucrt:lcidtoname_downlevel.obj
 0002:00003630       ??_C@_1M@OOCKEMAM@?$AAe?$AAl?$AA?9?$AAG?$AAR?$AA?$AA@ 0000000180012630     libucrt:lcidtoname_downlevel.obj
 0002:00003640       ??_C@_1M@DDNJFGID@?$AAf?$AAi?$AA?9?$AAF?$AAI?$AA?$AA@ 0000000180012640     libucrt:lcidtoname_downlevel.obj
 0002:00003650       ??_C@_1M@GLIPPMAC@?$AAf?$AAr?$AA?9?$AAF?$AAR?$AA?$AA@ 0000000180012650     libucrt:lcidtoname_downlevel.obj
 0002:00003660       ??_C@_1M@GFMCHPE@?$AAh?$AAe?$AA?9?$AAI?$AAL?$AA?$AA@ 0000000180012660     libucrt:lcidtoname_downlevel.obj
 0002:00003670       ??_C@_1M@MHLPGNKM@?$AAh?$AAu?$AA?9?$AAH?$AAU?$AA?$AA@ 0000000180012670     libucrt:lcidtoname_downlevel.obj
 0002:00003680       ??_C@_1M@LPDDNNPN@?$AAi?$AAs?$AA?9?$AAI?$AAS?$AA?$AA@ 0000000180012680     libucrt:lcidtoname_downlevel.obj
 0002:00003690       ??_C@_1M@MADIPODN@?$AAi?$AAt?$AA?9?$AAI?$AAT?$AA?$AA@ 0000000180012690     libucrt:lcidtoname_downlevel.obj
 0002:000036a0       ??_C@_1M@IHBJJGG@?$AAn?$AAl?$AA?9?$AAN?$AAL?$AA?$AA@ 00000001800126a0     libucrt:lcidtoname_downlevel.obj
 0002:000036b0       ??_C@_1M@EANAGDL@?$AAn?$AAb?$AA?9?$AAN?$AAO?$AA?$AA@ 00000001800126b0     libucrt:lcidtoname_downlevel.obj
 0002:000036c0       ??_C@_1M@NEIEMEGP@?$AAp?$AAl?$AA?9?$AAP?$AAL?$AA?$AA@ 00000001800126c0     libucrt:lcidtoname_downlevel.obj
 0002:000036d0       ??_C@_1M@BOCFIGEP@?$AAp?$AAt?$AA?9?$AAB?$AAR?$AA?$AA@ 00000001800126d0     libucrt:lcidtoname_downlevel.obj
 0002:000036e0       ??_C@_1M@IMPFOPBG@?$AAr?$AAo?$AA?9?$AAR?$AAO?$AA?$AA@ 00000001800126e0     libucrt:lcidtoname_downlevel.obj
 0002:000036f0       ??_C@_1M@IDNNEJMM@?$AAr?$AAu?$AA?9?$AAR?$AAU?$AA?$AA@ 00000001800126f0     libucrt:lcidtoname_downlevel.obj
 0002:00003700       ??_C@_1M@LILEEOGM@?$AAh?$AAr?$AA?9?$AAH?$AAR?$AA?$AA@ 0000000180012700     libucrt:lcidtoname_downlevel.obj
 0002:00003710       ??_C@_1M@FKIFEHPB@?$AAs?$AAk?$AA?9?$AAS?$AAK?$AA?$AA@ 0000000180012710     libucrt:lcidtoname_downlevel.obj
 0002:00003720       ??_C@_1M@LJMAMNPJ@?$AAs?$AAq?$AA?9?$AAA?$AAL?$AA?$AA@ 0000000180012720     libucrt:lcidtoname_downlevel.obj
 0002:00003730       ??_C@_1M@GIAKDKJK@?$AAs?$AAv?$AA?9?$AAS?$AAE?$AA?$AA@ 0000000180012730     libucrt:lcidtoname_downlevel.obj
 0002:00003740       ??_C@_1M@MKJKIKCL@?$AAt?$AAh?$AA?9?$AAT?$AAH?$AA?$AA@ 0000000180012740     libucrt:lcidtoname_downlevel.obj
 0002:00003750       ??_C@_1M@MFLCCMPB@?$AAt?$AAr?$AA?9?$AAT?$AAR?$AA?$AA@ 0000000180012750     libucrt:lcidtoname_downlevel.obj
 0002:00003760       ??_C@_1M@OIJHDKJN@?$AAu?$AAr?$AA?9?$AAP?$AAK?$AA?$AA@ 0000000180012760     libucrt:lcidtoname_downlevel.obj
 0002:00003770       ??_C@_1M@LHIPCIEK@?$AAi?$AAd?$AA?9?$AAI?$AAD?$AA?$AA@ 0000000180012770     libucrt:lcidtoname_downlevel.obj
 0002:00003780       ??_C@_1M@MFMOBGI@?$AAu?$AAk?$AA?9?$AAU?$AAA?$AA?$AA@ 0000000180012780     libucrt:lcidtoname_downlevel.obj
 0002:00003790       ??_C@_1M@OBGLJIPL@?$AAb?$AAe?$AA?9?$AAB?$AAY?$AA?$AA@ 0000000180012790     libucrt:lcidtoname_downlevel.obj
 0002:000037a0       ??_C@_1M@BCFAJEAD@?$AAs?$AAl?$AA?9?$AAS?$AAI?$AA?$AA@ 00000001800127a0     libucrt:lcidtoname_downlevel.obj
 0002:000037b0       ??_C@_1M@FKFFEDDN@?$AAe?$AAt?$AA?9?$AAE?$AAE?$AA?$AA@ 00000001800127b0     libucrt:lcidtoname_downlevel.obj
 0002:000037c0       ??_C@_1M@KGKKAACI@?$AAl?$AAv?$AA?9?$AAL?$AAV?$AA?$AA@ 00000001800127c0     libucrt:lcidtoname_downlevel.obj
 0002:000037d0       ??_C@_1M@IFGBIJO@?$AAl?$AAt?$AA?9?$AAL?$AAT?$AA?$AA@ 00000001800127d0     libucrt:lcidtoname_downlevel.obj
 0002:000037e0       ??_C@_1M@FGEAHEDM@?$AAf?$AAa?$AA?9?$AAI?$AAR?$AA?$AA@ 00000001800127e0     libucrt:lcidtoname_downlevel.obj
 0002:000037f0       ??_C@_1M@KBMAIBFN@?$AAv?$AAi?$AA?9?$AAV?$AAN?$AA?$AA@ 00000001800127f0     libucrt:lcidtoname_downlevel.obj
 0002:00003800       ??_C@_1M@GPCBKDJK@?$AAh?$AAy?$AA?9?$AAA?$AAM?$AA?$AA@ 0000000180012800     libucrt:lcidtoname_downlevel.obj
 0002:00003810       ??_C@_1BG@BECMDDJB@?$AAa?$AAz?$AA?9?$AAA?$AAZ?$AA?9?$AAL?$AAa?$AAt?$AAn?$AA?$AA@ 0000000180012810     libucrt:lcidtoname_downlevel.obj
 0002:00003828       ??_C@_1M@MAOFCAEA@?$AAe?$AAu?$AA?9?$AAE?$AAS?$AA?$AA@ 0000000180012828     libucrt:lcidtoname_downlevel.obj
 0002:00003838       ??_C@_1M@IGHABKPI@?$AAm?$AAk?$AA?9?$AAM?$AAK?$AA?$AA@ 0000000180012838     libucrt:lcidtoname_downlevel.obj
 0002:00003848       ??_C@_1M@IAIGNEJG@?$AAt?$AAn?$AA?9?$AAZ?$AAA?$AA?$AA@ 0000000180012848     libucrt:lcidtoname_downlevel.obj
 0002:00003858       ??_C@_1M@IIJCOJFA@?$AAx?$AAh?$AA?9?$AAZ?$AAA?$AA?$AA@ 0000000180012858     libucrt:lcidtoname_downlevel.obj
 0002:00003868       ??_C@_1M@LGPJHNJH@?$AAz?$AAu?$AA?9?$AAZ?$AAA?$AA?$AA@ 0000000180012868     libucrt:lcidtoname_downlevel.obj
[...]
 0004:0000075c       $pdata$_recalloc_base      000000018001a75c     libucrt:recalloc.obj
 0004:00000768       $pdata$?try_get_function@@YAPEAXW4function_id@?A0x391cf84c@@QEBDQEBW4module_id@2@2@Z 000000018001a768     libucrt:winapi_thunks.obj
 0004:00000774       $pdata$__acrt_AppPolicyGetProcessTerminationMethodInternal 000000018001a774     libucrt:winapi_thunks.obj
 0004:00000780       $pdata$__acrt_AreFileApisANSI 000000018001a780     libucrt:winapi_thunks.obj
 0004:0000078c       $pdata$__acrt_FlsAlloc     000000018001a78c     libucrt:winapi_thunks.obj
 0004:00000798       $pdata$__acrt_FlsFree      000000018001a798     libucrt:winapi_thunks.obj
 0004:000007a4       $pdata$__acrt_FlsGetValue  000000018001a7a4     libucrt:winapi_thunks.obj
 0004:000007b0       $pdata$__acrt_FlsSetValue  000000018001a7b0     libucrt:winapi_thunks.obj
 0004:000007bc       $pdata$__acrt_InitializeCriticalSectionEx 000000018001a7bc     libucrt:winapi_thunks.obj
 0004:000007c8       $pdata$__acrt_LCMapStringEx 000000018001a7c8     libucrt:winapi_thunks.obj
 0004:000007d4       $pdata$__acrt_LocaleNameToLCID 000000018001a7d4     libucrt:winapi_thunks.obj
 0004:000007e0       $pdata$__acrt_initialize_winapi_thunks 000000018001a7e0     libucrt:winapi_thunks.obj
 0004:000007ec       $pdata$__acrt_uninitialize_winapi_thunks 000000018001a7ec     libucrt:winapi_thunks.obj
 0004:000007f8       $pdata$__acrt_initialize_heap 000000018001a7f8     libucrt:heap_handle.obj
 0004:00000804       $pdata$?initialize_inherited_file_handles_nolock@@YAXXZ 000000018001a804     libucrt:ioinit.obj
 0004:00000810       $pdata$?initialize_stdio_handles_nolock@@YAXXZ 000000018001a810     libucrt:ioinit.obj
 0004:0000081c       $pdata$__acrt_initialize_lowio 000000018001a81c     libucrt:ioinit.obj
 0004:00000828       $pdata$__acrt_uninitialize_lowio 000000018001a828     libucrt:ioinit.obj
 0004:00000834       $pdata$__acrt_execute_initializers 000000018001a834     libucrt:shared_initialization.obj
 0004:00000840       $pdata$__acrt_execute_uninitializers 000000018001a840     libucrt:shared_initialization.obj
 0004:0000084c       $pdata$_callnewh           000000018001a84c     libucrt:new_handler.obj
 0004:00000858       $pdata$_query_new_handler  000000018001a858     libucrt:new_handler.obj
 0004:00000864       $pdata$??$?RV<lambda_450d765d439847d4c735a33c368b5fc0>@@AEAV<lambda_44731a7d0e6d81c3e6aa82d741081786>@@V<lambda_601a2a7da3b7a96e9554ac7215c4b07c>@@@?$__crt_seh_guarded_call@P6AXH@Z@@QEAAP6AXH@Z$$QEAV<lambda_450d765d439847d4c735a33c368b5fc0>@@AEAV<lambda_44731a7d0e6d81c3e6aa82d741081786>@@$$QEAV<lambda_601a2a7da3b7a96e9554ac7215c4b07c>@@@Z 000000018001a864     libucrt:signal.obj
 0004:00000870       $pdata$__acrt_get_sigabrt_handler 000000018001a870     libucrt:signal.obj
 0004:0000087c       $pdata$raise               000000018001a87c     libucrt:signal.obj
 0004:00000888       $pdata$??$?RV<lambda_842d9ff0dc9ef11c61343bbaebe7f885>@@AEAV<lambda_c5860995281e5c4ce005b3de8f5874ee>@@V<lambda_d90129c13df834fdcbf8d2b88dafcf2d>@@@?$__crt_seh_guarded_call@X@@QEAAX$$QEAV<lambda_842d9ff0dc9ef11c61343bbaebe7f885>@@AEAV<lambda_c5860995281e5c4ce005b3de8f5874ee>@@$$QEAV<lambda_d90129c13df834fdcbf8d2b88dafcf2d>@@@Z 000000018001a888     libucrt:fflush.obj
 0004:00000894       $pdata$??$?RV<lambda_886d6c58226a84441f68b9f2b8217b83>@@AEAV<lambda_ab61a845afdef5b7c387490eaf3616ee>@@V<lambda_f7f22ab5edc0698d5f6905b0d3f44752>@@@?$__crt_seh_guarded_call@X@@QEAAX$$QEAV<lambda_886d6c58226a84441f68b9f2b8217b83>@@AEAV<lambda_ab61a845afdef5b7c387490eaf3616ee>@@$$QEAV<lambda_f7f22ab5edc0698d5f6905b0d3f44752>@@@Z 000000018001a894     libucrt:fflush.obj
 0004:000008a0       $pdata$?common_flush_all@@YAH_N@Z 000000018001a8a0     libucrt:fflush.obj
 0004:000008ac       $pdata$__acrt_stdio_flush_nolock 000000018001a8ac     libucrt:fflush.obj
 0004:000008b8       $pdata$_fflush_nolock      000000018001a8b8     libucrt:fflush.obj
 0004:000008c4       $pdata$__acrt_initialize_stdio 000000018001a8c4     libucrt:_file.obj
 0004:000008d0       $pdata$__acrt_uninitialize_stdio 000000018001a8d0     libucrt:_file.obj
 0004:000008dc       $pdata$_malloc_base        000000018001a8dc     libucrt:malloc_base.obj
 0004:000008e8       $pdata$_mbtowc_l           000000018001a8e8     libucrt:mbtowc.obj
 0004:000008f4       $pdata$__acrt_update_locale_info 000000018001a8f4     libucrt:locale_update.obj
 0004:00000900       $pdata$__acrt_update_multibyte_info 000000018001a900     libucrt:locale_update.obj
 0004:0000090c       $pdata$_fileno             000000018001a90c     libucrt:fileno.obj
 0004:00000918       $pdata$??$?RV<lambda_410d79af7f07d98d83a3f525b3859a53>@@AEAV<lambda_3e16ef9562a7dcce91392c22ab16ea36>@@V<lambda_38119f0e861e05405d8a144b9b982f0a>@@@?$__crt_seh_guarded_call@X@@QEAAX$$QEAV<lambda_410d79af7f07d98d83a3f525b3859a53>@@AEAV<lambda_3e16ef9562a7dcce91392c22ab16ea36>@@$$QEAV<lambda_38119f0e861e05405d8a144b9b982f0a>@@@Z 000000018001a918     libucrt:wsetlocale.obj
 0004:00000924       $pdata$__acrt_uninitialize_locale 000000018001a924     libucrt:wsetlocale.obj
 0004:00000930       $pdata$__pctype_func       000000018001a930     libucrt:ctype.obj
 0004:0000093c       $pdata$__acrt_free_locale  000000018001a93c     libucrt:locale_refcounting.obj
 0004:00000948       $pdata$__acrt_locale_free_lc_time_if_unreferenced 000000018001a948     libucrt:locale_refcounting.obj
 0004:00000954       $pdata$__acrt_release_locale_ref 000000018001a954     libucrt:locale_refcounting.obj
 0004:00000960       $pdata$__acrt_update_thread_locale_data 000000018001a960     libucrt:locale_refcounting.obj
 0004:0000096c       $pdata$_updatetlocinfoEx_nolock 000000018001a96c     libucrt:locale_refcounting.obj
 0004:00000978       $pdata$qsort               000000018001a978     libucrt:qsort.obj
 0004:00000984       $pdata$4$qsort             000000018001a984     libucrt:qsort.obj
 0004:00000990       $pdata$5$qsort             000000018001a990     libucrt:qsort.obj
 0004:0000099c       $pdata$strncpy_s           000000018001a99c     libucrt:strncpy_s.obj
 0004:000009a8       $pdata$fallbackMethod      000000018001a9a8     libucrt:strpbrk.obj
 0004:000009b4       $pdata$strpbrk             000000018001a9b4     libucrt:strpbrk.obj
 0004:000009c0       $pdata$_mbsdec_l           000000018001a9c0     libucrt:mbsdec.obj
 0004:000009cc       $pdata$__acrt_GetStringTypeA 000000018001a9cc     libucrt:getstringtypea.obj
 0004:000009d8       $pdata$?__acrt_LCMapStringA_stat@@YAHPEAU__crt_locale_pointers@@PEB_WKPEBDHPEADHHH@Z 000000018001a9d8     libucrt:lcmapstringa.obj
 0004:000009e4       $pdata$__acrt_LCMapStringA 000000018001a9e4     libucrt:lcmapstringa.obj
 0004:000009f0       $pdata$?initialize_multibyte@@YAHXZ 000000018001a9f0     libucrt:multibyte_initializer.obj
 0004:000009fc       $pdata$_msize_base         000000018001a9fc     libucrt:msize.obj
 0004:00000a08       $pdata$_realloc_base       000000018001aa08     libucrt:realloc_base.obj
 0004:00000a14       $pdata$?GetTableIndexFromLocaleName@@YAHPEB_W@Z 000000018001aa14     libucrt:lcidtoname_downlevel.obj
 0004:00000a20       $pdata$__acrt_DownlevelLocaleNameToLCID 000000018001aa20     libucrt:lcidtoname_downlevel.obj
 0004:00000a2c       $pdata$__acrt_lowio_create_handle_array 000000018001aa2c     libucrt:osfinfo.obj
 0004:00000a38       $pdata$__acrt_lowio_destroy_handle_array 000000018001aa38     libucrt:osfinfo.obj
 0004:00000a44       $pdata$__acrt_lowio_ensure_fh_exists 000000018001aa44     libucrt:osfinfo.obj
 0004:00000a50       $pdata$_free_osfhnd        000000018001aa50     libucrt:osfinfo.obj
 0004:00000a5c       $pdata$_get_osfhandle      000000018001aa5c     libucrt:osfinfo.obj
 0004:00000a68       $pdata$??$?RV<lambda_a37b2b86f63e897a80ea819b0eb08c01>@@AEAV<lambda_38ce7e780aa69e748d6df282ebc68efe>@@V<lambda_99fb1378e971ab6e7edea83e3a7a83a2>@@@?$__crt_seh_guarded_call@H@@QEAAH$$QEAV<lambda_a37b2b86f63e897a80ea819b0eb08c01>@@AEAV<lambda_38ce7e780aa69e748d6df282ebc68efe>@@$$QEAV<lambda_99fb1378e971ab6e7edea83e3a7a83a2>@@@Z 000000018001aa68     libucrt:commit.obj
 0004:00000a74       $pdata$_commit             000000018001aa74     libucrt:commit.obj
 0004:00000a80       $pdata$?write_double_translated_ansi_nolock@@YA?AUwrite_result@?A0x17268360@@HQEBDI@Z 000000018001aa80     libucrt:write.obj
 0004:00000a8c       $pdata$?write_text_ansi_nolock@@YA?AUwrite_result@?A0x17268360@@HQEBDI@Z 000000018001aa8c     libucrt:write.obj
 0004:00000a98       $pdata$?write_text_utf16le_nolock@@YA?AUwrite_result@?A0x17268360@@HQEBDI@Z 000000018001aa98     libucrt:write.obj
 0004:00000aa4       $pdata$?write_text_utf8_nolock@@YA?AUwrite_result@?A0x17268360@@HQEBDI@Z 000000018001aaa4     libucrt:write.obj
 0004:00000ab0       $pdata$_write              000000018001aab0     libucrt:write.obj
 0004:00000abc       $pdata$_write_nolock       000000018001aabc     libucrt:write.obj
 0004:00000ac8       $pdata$_fcloseall          000000018001aac8     libucrt:closeall.obj
 0004:00000ad4       $pdata$__acrt_stdio_free_buffer_nolock 000000018001aad4     libucrt:_freebuf.obj
 0004:00000ae0       $pdata$_isatty             000000018001aae0     libucrt:isatty.obj
 0004:00000aec       $pdata$_isleadbyte_l       000000018001aaec     libucrt:_wctype.obj
 0004:00000af8       $pdata$?__mbrtowc_utf8@__crt_mbstring@@YA_KPEA_WPEBD_KPEAU_Mbstatet@@@Z 000000018001aaf8     libucrt:mbrtowc.obj
 0004:00000b04       $pdata$?__mbsrtowcs_utf8@__crt_mbstring@@YA_KPEA_WPEAPEBD_KPEAU_Mbstatet@@@Z 000000018001ab04     libucrt:mbrtowc.obj
 0004:00000b10       $pdata$__acrt_locale_free_monetary 000000018001ab10     libucrt:initmon.obj
 0004:00000b1c       $pdata$__acrt_locale_free_numeric 000000018001ab1c     libucrt:initnum.obj
 0004:00000b28       $pdata$?free_crt_array_internal@@YAXQEAPEBX_K@Z 000000018001ab28     libucrt:inittime.obj
 0004:00000b34       $pdata$__acrt_locale_free_time 000000018001ab34     libucrt:inittime.obj
 0004:00000b40       $pdata$??$common_lseek_nolock@_J@@YA_JH_JH@Z 000000018001ab40     libucrt:lseek.obj
 0004:00000b4c       $pdata$_putwch_nolock      000000018001ab4c     libucrt:putwch.obj
 0004:00000b58       $pdata$_fclose_nolock      000000018001ab58     libucrt:fclose.obj
 0004:00000b64       $pdata$fclose              000000018001ab64     libucrt:fclose.obj
 0004:00000b70       $pdata$?__mbrtoc32_utf8@__crt_mbstring@@YA_KPEA_UPEBD_KPEAU_Mbstatet@@@Z 000000018001ab70     libucrt:mbrtoc32.obj
 0004:00000b88       $pdata$__dcrt_lowio_ensure_console_output_initialized 000000018001ab88     libucrt:initcon.obj
 0004:00000b94       $pdata$__dcrt_terminate_console_output 000000018001ab94     libucrt:initcon.obj
 0004:00000ba0       $pdata$__dcrt_write_console 000000018001aba0     libucrt:initcon.obj
 0004:00000bac       $pdata$??$?RV<lambda_751a882b2c74d4b022dec766aa51a29a>@@AEAV<lambda_628dfdc04ba53c8bfc02c9951375f3f5>@@V<lambda_f6c7be5f7998530c34de24c7437d6b54>@@@?$__crt_seh_guarded_call@H@@QEAAH$$QEAV<lambda_751a882b2c74d4b022dec766aa51a29a>@@AEAV<lambda_628dfdc04ba53c8bfc02c9951375f3f5>@@$$QEAV<lambda_f6c7be5f7998530c34de24c7437d6b54>@@@Z 000000018001abac     libucrt:close.obj
 0004:00000bb8       $pdata$_close              000000018001abb8     libucrt:close.obj
 0004:00000bc4       $pdata$_close_nolock       000000018001abc4     libucrt:close.obj
 0004:00000bd0       $pdata$_call_matherr       000000018001abd0     libucrt:libm_error.obj
 0004:00000bdc       $pdata$_exception_enabled  000000018001abdc     libucrt:libm_error.obj
 0004:00000be8       $pdata$_handle_error       000000018001abe8     libucrt:libm_error.obj
 0004:00000bf4       $pdata$__acrt_initialize_fma3 000000018001abf4     libucrt:fma3_available.obj
 0004:00000c00       $pdata$_log10_special      000000018001ac00     libucrt:log_special.obj
 0004:00000c0c       $pdata$_log_special_common 000000018001ac0c     libucrt:log_special.obj
 0004:00000c24       $pdata$_raise_exc          000000018001ac24     libucrt:fpexcept.obj
 0004:00000c30       $pdata$_raise_exc_ex       000000018001ac30     libucrt:fpexcept.obj
 0004:00000c3c       $pdata$_set_errno_from_matherr 000000018001ac3c     libucrt:fpexcept.obj
 0004:00000c48       $pdata$_clrfp              000000018001ac48     libucrt:fpctrl.obj
 0004:00000c54       $pdata$_ctrlfp             000000018001ac54     libucrt:fpctrl.obj
 0004:00000c60       $pdata$_set_statfp         000000018001ac60     libucrt:fpctrl.obj
 0004:00000c6c       $pdata$_statfp             000000018001ac6c     libucrt:fpctrl.obj
 0004:00000c78       $pdata$_IsNonwritableInCurrentImage 000000018001ac78     LIBCMT:pesect.obj
 0004:00000ca8       $pdata$?fin$0@?0??dllmain_crt_process_attach@@YAHQEAUHINSTANCE__@@QEAX@Z@4HA 000000018001aca8     LIBCMT:dll_dllmain.obj
 0004:00000cb4       $pdata$?fin$0@?0??dllmain_crt_process_detach@@YAH_N@Z@4HA 000000018001acb4     LIBCMT:dll_dllmain.obj
 0004:00000cc0       $pdata$?filt$0@?0??dllmain_dispatch@@YAHQEAUHINSTANCE__@@KQEAX@Z@4HA 000000018001acc0     LIBCMT:dll_dllmain.obj
 0004:00000ccc       $pdata$__scrt_is_nonwritable_in_current_image$filt$0 000000018001accc     LIBCMT:utility.obj
 0004:00000cd8       $pdata$__DestructExceptionObject$filt$0 000000018001acd8     libvcruntime:ehhelpers.obj
 0004:00000ce4       $pdata$?fin$0@?0???$?RV<lambda_efdfa57d1f175319df784efa44bb7b81>@@AEAV<lambda_5f0a4c1567f8adc6734073e5d1e1b35c>@@V<lambda_2e8a7d3640ea6ccb4c2413664c2db6fd>@@@?$__crt_seh_guarded_call@X@@QEAAX$$QEAV<lambda_efdfa57d1f175319df784efa44bb7b81>@@AEAV<lambda_5f0a4c1567f8adc6734073e5d1e1b35c>@@$$QEAV<lambda_2e8a7d3640ea6ccb4c2413664c2db6fd>@@@Z@4HA 000000018001ace4     libucrt:mbctype.obj
 0004:00000ce4       $pdata$?fin$0@?0???$?RV<lambda_f2e299630e499de9f9a165e60fcd3db5>@@AEAV<lambda_2ae9d31cdba2644fcbeaf08da7c24588>@@V<lambda_40d01ff24d0e7b3814fdbdcee8eab3c7>@@@?$__crt_seh_guarded_call@X@@QEAAX$$QEAV<lambda_f2e299630e499de9f9a165e60fcd3db5>@@AEAV<lambda_2ae9d31cdba2644fcbeaf08da7c24588>@@$$QEAV<lambda_40d01ff24d0e7b3814fdbdcee8eab3c7>@@@Z@4HA 000000018001ace4     libucrt:per_thread_data.obj
 0004:00000ce4       $pdata$?fin$0@?0???$?RV<lambda_aa87e3671a710a21b5dc78c0bdf72e11>@@AEAV<lambda_92619d2358a28f41a33ba319515a20b9>@@V<lambda_6992ecaafeb10aed2b74cb1fae11a551>@@@?$__crt_seh_guarded_call@X@@QEAAX$$QEAV<lambda_aa87e3671a710a21b5dc78c0bdf72e11>@@AEAV<lambda_92619d2358a28f41a33ba319515a20b9>@@$$QEAV<lambda_6992ecaafeb10aed2b74cb1fae11a551>@@@Z@4HA 000000018001ace4     libucrt:per_thread_data.obj
 0004:00000ce4       $pdata$?fin$0@?0???$?RV<lambda_450d765d439847d4c735a33c368b5fc0>@@AEAV<lambda_44731a7d0e6d81c3e6aa82d741081786>@@V<lambda_601a2a7da3b7a96e9554ac7215c4b07c>@@@?$__crt_seh_guarded_call@P6AXH@Z@@QEAAP6AXH@Z$$QEAV<lambda_450d765d439847d4c735a33c368b5fc0>@@AEAV<lambda_44731a7d0e6d81c3e6aa82d741081786>@@$$QEAV<lambda_601a2a7da3b7a96e9554ac7215c4b07c>@@@Z@4HA 000000018001ace4     libucrt:signal.obj
 0004:00000ce4       $pdata$?fin$0@?0???$?RV<lambda_7777bce6b2f8c936911f934f8298dc43>@@AEAV<lambda_f03950bc5685219e0bcd2087efbe011e>@@V<lambda_3883c3dff614d5e0c5f61bb1ac94921c>@@@?$__crt_seh_guarded_call@H@@QEAAH$$QEAV<lambda_7777bce6b2f8c936911f934f8298dc43>@@AEAV<lambda_f03950bc5685219e0bcd2087efbe011e>@@$$QEAV<lambda_3883c3dff614d5e0c5f61bb1ac94921c>@@@Z@4HA 000000018001ace4     libucrt:onexit.obj
 0004:00000ce4       $pdata$?fin$0@?0???$?RV<lambda_0ae27a3a962d80f24befdcbee591983d>@@AEAV<lambda_8d0ee55de4b1038c4002e0adecdf1839>@@V<lambda_dc504788e8f1664fe9b84e20bfb512f2>@@@?$__crt_seh_guarded_call@X@@QEAAX$$QEAV<lambda_0ae27a3a962d80f24befdcbee591983d>@@AEAV<lambda_8d0ee55de4b1038c4002e0adecdf1839>@@$$QEAV<lambda_dc504788e8f1664fe9b84e20bfb512f2>@@@Z@4HA 000000018001ace4     libucrt:per_thread_data.obj
 0004:00000ce4       $pdata$?fin$0@?0???$?RV<lambda_2d41944a1d46af3157314b8a01080d33>@@AEAV<lambda_8f455de75cd7d7f24b4096f044d8b9e6>@@V<lambda_aa500f224e6afead328df44964fe2772>@@@?$__crt_seh_guarded_call@X@@QEAAX$$QEAV<lambda_2d41944a1d46af3157314b8a01080d33>@@AEAV<lambda_8f455de75cd7d7f24b4096f044d8b9e6>@@$$QEAV<lambda_aa500f224e6afead328df44964fe2772>@@@Z@4HA 000000018001ace4     libucrt:per_thread_data.obj
 0004:00000ce4       $pdata$?fin$0@?0???$?RV<lambda_d80eeec6fff315bfe5c115232f3240e3>@@AEAV<lambda_6e4b09c48022b2350581041d5f6b0c4c>@@V<lambda_2358e3775559c9db80273638284d5e45>@@@?$__crt_seh_guarded_call@X@@QEAAX$$QEAV<lambda_d80eeec6fff315bfe5c115232f3240e3>@@AEAV<lambda_6e4b09c48022b2350581041d5f6b0c4c>@@$$QEAV<lambda_2358e3775559c9db80273638284d5e45>@@@Z@4HA 000000018001ace4     libucrt:exit.obj
 0004:00000cf0       $pdata$?filt$0@?0???R<lambda_6e4b09c48022b2350581041d5f6b0c4c>@@QEBA@XZ@4HA 000000018001acf0     libucrt:exit.obj
 0004:00000cfc       $pdata$?fin$0@?0??update_thread_multibyte_data_internal@@YAPEAU__crt_multibyte_data@@QEAU__acrt_ptd@@QEAPEAU1@@Z@4HA 000000018001acfc     libucrt:mbctype.obj
 0004:00000d08       $pdata$__acrt_lowio_ensure_fh_exists$fin$0 000000018001ad08     libucrt:osfinfo.obj
 0004:00000d08       $pdata$__acrt_initialize_lowio$fin$0 000000018001ad08     libucrt:ioinit.obj
 0004:00000d14       $pdata$_query_new_handler$fin$0 000000018001ad14     libucrt:new_handler.obj
 0004:00000d20       $pdata$raise$fin$0         000000018001ad20     libucrt:signal.obj
 0004:00000d2c       $pdata$?fin$0@?0???$?RV<lambda_842d9ff0dc9ef11c61343bbaebe7f885>@@AEAV<lambda_c5860995281e5c4ce005b3de8f5874ee>@@V<lambda_d90129c13df834fdcbf8d2b88dafcf2d>@@@?$__crt_seh_guarded_call@X@@QEAAX$$QEAV<lambda_842d9ff0dc9ef11c61343bbaebe7f885>@@AEAV<lambda_c5860995281e5c4ce005b3de8f5874ee>@@$$QEAV<lambda_d90129c13df834fdcbf8d2b88dafcf2d>@@@Z@4HA 000000018001ad2c     libucrt:fflush.obj
 0004:00000d38       $pdata$?fin$0@?0???$?RV<lambda_886d6c58226a84441f68b9f2b8217b83>@@AEAV<lambda_ab61a845afdef5b7c387490eaf3616ee>@@V<lambda_f7f22ab5edc0698d5f6905b0d3f44752>@@@?$__crt_seh_guarded_call@X@@QEAAX$$QEAV<lambda_886d6c58226a84441f68b9f2b8217b83>@@AEAV<lambda_ab61a845afdef5b7c387490eaf3616ee>@@$$QEAV<lambda_f7f22ab5edc0698d5f6905b0d3f44752>@@@Z@4HA 000000018001ad38     libucrt:fflush.obj
 0004:00000d44       $pdata$?fin$0@?0???$?RV<lambda_410d79af7f07d98d83a3f525b3859a53>@@AEAV<lambda_3e16ef9562a7dcce91392c22ab16ea36>@@V<lambda_38119f0e861e05405d8a144b9b982f0a>@@@?$__crt_seh_guarded_call@X@@QEAAX$$QEAV<lambda_410d79af7f07d98d83a3f525b3859a53>@@AEAV<lambda_3e16ef9562a7dcce91392c22ab16ea36>@@$$QEAV<lambda_38119f0e861e05405d8a144b9b982f0a>@@@Z@4HA 000000018001ad44     libucrt:wsetlocale.obj
 0004:00000d50       $pdata$__acrt_update_thread_locale_data$fin$0 000000018001ad50     libucrt:locale_refcounting.obj
 0004:00000d5c       $pdata$?fin$0@?0???$?RV<lambda_a37b2b86f63e897a80ea819b0eb08c01>@@AEAV<lambda_38ce7e780aa69e748d6df282ebc68efe>@@V<lambda_99fb1378e971ab6e7edea83e3a7a83a2>@@@?$__crt_seh_guarded_call@H@@QEAAH$$QEAV<lambda_a37b2b86f63e897a80ea819b0eb08c01>@@AEAV<lambda_38ce7e780aa69e748d6df282ebc68efe>@@$$QEAV<lambda_99fb1378e971ab6e7edea83e3a7a83a2>@@@Z@4HA 000000018001ad5c     libucrt:commit.obj
 0004:00000d5c       $pdata$?fin$0@?0???$?RV<lambda_751a882b2c74d4b022dec766aa51a29a>@@AEAV<lambda_628dfdc04ba53c8bfc02c9951375f3f5>@@V<lambda_f6c7be5f7998530c34de24c7437d6b54>@@@?$__crt_seh_guarded_call@H@@QEAAH$$QEAV<lambda_751a882b2c74d4b022dec766aa51a29a>@@AEAV<lambda_628dfdc04ba53c8bfc02c9951375f3f5>@@$$QEAV<lambda_f6c7be5f7998530c34de24c7437d6b54>@@@Z@4HA 000000018001ad5c     libucrt:close.obj
 0004:00000d68       $pdata$_write$fin$0        000000018001ad68     libucrt:write.obj
 0004:00000d74       $pdata$_fcloseall$fin$0    000000018001ad74     libucrt:closeall.obj
 0004:00000d80       $pdata$fclose$fin$0        000000018001ad80     libucrt:fclose.obj
 0004:00000d8c       $pdata$_ctrlfp$filt$0      000000018001ad8c     libucrt:fpctrl.obj
 0004:00000d98       $pdata$_IsNonwritableInCurrentImage$filt$0 000000018001ad98     LIBCMT:pesect.obj
 0005:00000000       MsetTab                    000000018001b000     libvcruntime:memset.obj
 0005:00000050       MoveSmall                  000000018001b050     libvcruntime:memcpy.obj
